Archive member included because of file (symbol)

C:\Users\SEI203\e2_studio\workspace\Proyecto_Integrador\synergy\ssp\src\framework\el\tx\cm4_gcc\libtx.a(txe_queue_create.o)
                              ./src/synergy_gen/adc_thread.o (_txe_queue_create)
C:\Users\SEI203\e2_studio\workspace\Proyecto_Integrador\synergy\ssp\src\framework\el\tx\cm4_gcc\libtx.a(txe_queue_receive.o)
                              ./src/pwm_thread_handler.o (_txe_queue_receive)
C:\Users\SEI203\e2_studio\workspace\Proyecto_Integrador\synergy\ssp\src\framework\el\tx\cm4_gcc\libtx.a(txe_queue_send.o)
                              ./src/adc_thread_handler.o (_txe_queue_send)
C:\Users\SEI203\e2_studio\workspace\Proyecto_Integrador\synergy\ssp\src\framework\el\tx\cm4_gcc\libtx.a(txe_semaphore_create.o)
                              ./src/synergy_gen/main.o (_txe_semaphore_create)
C:\Users\SEI203\e2_studio\workspace\Proyecto_Integrador\synergy\ssp\src\framework\el\tx\cm4_gcc\libtx.a(txe_semaphore_get.o)
                              ./src/synergy_gen/main.o (_txe_semaphore_get)
C:\Users\SEI203\e2_studio\workspace\Proyecto_Integrador\synergy\ssp\src\framework\el\tx\cm4_gcc\libtx.a(txe_semaphore_put.o)
                              ./src/synergy_gen/main.o (_txe_semaphore_put)
C:\Users\SEI203\e2_studio\workspace\Proyecto_Integrador\synergy\ssp\src\framework\el\tx\cm4_gcc\libtx.a(txe_thread_create.o)
                              ./src/synergy_gen/adc_thread.o (_txe_thread_create)
C:\Users\SEI203\e2_studio\workspace\Proyecto_Integrador\synergy\ssp\src\framework\el\tx\cm4_gcc\libtx.a(tx_initialize_high_level.o)
                              C:\Users\SEI203\e2_studio\workspace\Proyecto_Integrador\synergy\ssp\src\framework\el\tx\cm4_gcc\libtx.a(txe_semaphore_create.o) (_tx_semaphore_created_ptr)
C:\Users\SEI203\e2_studio\workspace\Proyecto_Integrador\synergy\ssp\src\framework\el\tx\cm4_gcc\libtx.a(tx_initialize_kernel_enter.o)
                              ./src/synergy_gen/main.o (_tx_initialize_kernel_enter)
C:\Users\SEI203\e2_studio\workspace\Proyecto_Integrador\synergy\ssp\src\framework\el\tx\cm4_gcc\libtx.a(tx_isr_end.o)
                              ./synergy/ssp/src/driver/r_gpt/r_gpt.o (tx_isr_end)
C:\Users\SEI203\e2_studio\workspace\Proyecto_Integrador\synergy\ssp\src\framework\el\tx\cm4_gcc\libtx.a(tx_isr_start.o)
                              ./synergy/ssp/src/driver/r_gpt/r_gpt.o (tx_isr_start)
C:\Users\SEI203\e2_studio\workspace\Proyecto_Integrador\synergy\ssp\src\framework\el\tx\cm4_gcc\libtx.a(tx_queue_create.o)
                              C:\Users\SEI203\e2_studio\workspace\Proyecto_Integrador\synergy\ssp\src\framework\el\tx\cm4_gcc\libtx.a(txe_queue_create.o) (_tx_queue_create)
C:\Users\SEI203\e2_studio\workspace\Proyecto_Integrador\synergy\ssp\src\framework\el\tx\cm4_gcc\libtx.a(tx_queue_receive.o)
                              C:\Users\SEI203\e2_studio\workspace\Proyecto_Integrador\synergy\ssp\src\framework\el\tx\cm4_gcc\libtx.a(txe_queue_receive.o) (_tx_queue_receive)
C:\Users\SEI203\e2_studio\workspace\Proyecto_Integrador\synergy\ssp\src\framework\el\tx\cm4_gcc\libtx.a(tx_queue_send.o)
                              C:\Users\SEI203\e2_studio\workspace\Proyecto_Integrador\synergy\ssp\src\framework\el\tx\cm4_gcc\libtx.a(txe_queue_send.o) (_tx_queue_send)
C:\Users\SEI203\e2_studio\workspace\Proyecto_Integrador\synergy\ssp\src\framework\el\tx\cm4_gcc\libtx.a(tx_semaphore_create.o)
                              C:\Users\SEI203\e2_studio\workspace\Proyecto_Integrador\synergy\ssp\src\framework\el\tx\cm4_gcc\libtx.a(txe_semaphore_create.o) (_tx_semaphore_create)
C:\Users\SEI203\e2_studio\workspace\Proyecto_Integrador\synergy\ssp\src\framework\el\tx\cm4_gcc\libtx.a(tx_semaphore_get.o)
                              C:\Users\SEI203\e2_studio\workspace\Proyecto_Integrador\synergy\ssp\src\framework\el\tx\cm4_gcc\libtx.a(txe_semaphore_get.o) (_tx_semaphore_get)
C:\Users\SEI203\e2_studio\workspace\Proyecto_Integrador\synergy\ssp\src\framework\el\tx\cm4_gcc\libtx.a(tx_semaphore_put.o)
                              C:\Users\SEI203\e2_studio\workspace\Proyecto_Integrador\synergy\ssp\src\framework\el\tx\cm4_gcc\libtx.a(txe_semaphore_put.o) (_tx_semaphore_put)
C:\Users\SEI203\e2_studio\workspace\Proyecto_Integrador\synergy\ssp\src\framework\el\tx\cm4_gcc\libtx.a(tx_thread_create.o)
                              C:\Users\SEI203\e2_studio\workspace\Proyecto_Integrador\synergy\ssp\src\framework\el\tx\cm4_gcc\libtx.a(txe_thread_create.o) (_tx_thread_create)
C:\Users\SEI203\e2_studio\workspace\Proyecto_Integrador\synergy\ssp\src\framework\el\tx\cm4_gcc\libtx.a(tx_thread_initialize.o)
                              C:\Users\SEI203\e2_studio\workspace\Proyecto_Integrador\synergy\ssp\src\framework\el\tx\cm4_gcc\libtx.a(tx_initialize_high_level.o) (_tx_thread_initialize)
C:\Users\SEI203\e2_studio\workspace\Proyecto_Integrador\synergy\ssp\src\framework\el\tx\cm4_gcc\libtx.a(tx_thread_shell_entry.o)
[...]
Memory Configuration

Name             Origin             Length             Attributes
FLASH            0x00000000         0x00400000         xr
RAM              0x1ffe0000         0x000a0000         xrw
DATA_FLASH       0x40100000         0x00010000         xr
QSPI_FLASH       0x60000000         0x04000000         xr
SDRAM            0x90000000         0x02000000         xrw
ID_CODES         0x40120050         0x00000010         xr
*default*        0x00000000         0xffffffff

Linker script and memory map

LOAD c:/program files (x86)/gnu tools arm embedded/4.9 2015q3/bin/../lib/gcc/arm-none-eabi/4.9.3/armv7e-m/fpu/crti.o
LOAD c:/program files (x86)/gnu tools arm embedded/4.9 2015q3/bin/../lib/gcc/arm-none-eabi/4.9.3/armv7e-m/fpu/crtbegin.o
LOAD c:/program files (x86)/gnu tools arm embedded/4.9 2015q3/bin/../lib/gcc/arm-none-eabi/4.9.3/../../../../arm-none-eabi/lib/armv7e-m/fpu/rdimon-crt0.o
START GROUP
LOAD ./synergy/ssp/src/driver/r_ioport/r_ioport.o
LOAD ./synergy/ssp/src/driver/r_gpt/r_gpt.o
LOAD ./synergy/ssp/src/driver/r_fmi/r_fmi.o
LOAD ./synergy/ssp/src/driver/r_elc/r_elc.o
LOAD ./synergy/ssp/src/driver/r_cgc/hw/hw_cgc.o
LOAD ./synergy/ssp/src/driver/r_cgc/r_cgc.o
LOAD ./synergy/ssp/src/driver/r_adc/r_adc.o
LOAD ./synergy/ssp/src/bsp/mcu/s7g2/bsp_cache.o
LOAD ./synergy/ssp/src/bsp/mcu/s7g2/bsp_clocks.o
LOAD ./synergy/ssp/src/bsp/mcu/s7g2/bsp_feature.o
LOAD ./synergy/ssp/src/bsp/mcu/s7g2/bsp_fmi_R7FS7G27H3A01CFC.o
LOAD ./synergy/ssp/src/bsp/mcu/s7g2/bsp_group_irq.o
LOAD ./synergy/ssp/src/bsp/mcu/s7g2/bsp_hw_locks.o
LOAD ./synergy/ssp/src/bsp/mcu/s7g2/bsp_module_stop.o
LOAD ./synergy/ssp/src/bsp/mcu/s7g2/bsp_rom_registers.o
LOAD ./synergy/ssp/src/bsp/mcu/all/bsp_common.o
LOAD ./synergy/ssp/src/bsp/mcu/all/bsp_common_leds.o
LOAD ./synergy/ssp/src/bsp/mcu/all/bsp_delay.o
LOAD ./synergy/ssp/src/bsp/mcu/all/bsp_irq.o
LOAD ./synergy/ssp/src/bsp/mcu/all/bsp_locking.o
LOAD ./synergy/ssp/src/bsp/mcu/all/bsp_register_protection.o
LOAD ./synergy/ssp/src/bsp/mcu/all/bsp_sbrk.o
LOAD ./synergy/ssp/src/bsp/cmsis/Device/RENESAS/S7G2/Source/startup_S7G2.o
LOAD ./synergy/ssp/src/bsp/cmsis/Device/RENESAS/S7G2/Source/system_S7G2.o
LOAD ./synergy/board/s7g2_sk/bsp_init.o
LOAD ./synergy/board/s7g2_sk/bsp_leds.o
LOAD ./synergy/board/s7g2_sk/bsp_qspi.o
LOAD ./src/synergy_gen/adc_thread.o
LOAD ./src/synergy_gen/common_data.o
LOAD ./src/synergy_gen/hal_data.o
LOAD ./src/synergy_gen/main.o
LOAD ./src/synergy_gen/pin_data.o
LOAD ./src/synergy_gen/pwm_thread.o
LOAD ./src/adc_thread_entry.o
LOAD ./src/adc_thread_handler.o
LOAD ./src/blinky_thread_entry.o
LOAD ./src/hal_entry.o
LOAD ./src/pwm_thread_entry.o
LOAD ./src/pwm_thread_handler.o
LOAD C:\Users\SEI203\e2_studio\workspace\Proyecto_Integrador\synergy\ssp\src\bsp\cmsis\DSP_Lib\cm4_gcc\libDSP_Lib.a
LOAD C:\Users\SEI203\e2_studio\workspace\Proyecto_Integrador\synergy\ssp\src\framework\el\tx\cm4_gcc\libtx.a
END GROUP
START GROUP
LOAD c:/program files (x86)/gnu tools arm embedded/4.9 2015q3/bin/../lib/gcc/arm-none-eabi/4.9.3/armv7e-m/fpu\libgcc.a
LOAD c:/program files (x86)/gnu tools arm embedded/4.9 2015q3/bin/../lib/gcc/arm-none-eabi/4.9.3/../../../../arm-none-eabi/lib/armv7e-m/fpu\libg_nano.a
LOAD c:/program files (x86)/gnu tools arm embedded/4.9 2015q3/bin/../lib/gcc/arm-none-eabi/4.9.3/../../../../arm-none-eabi/lib/armv7e-m/fpu\libc_nano.a
END GROUP
START GROUP
LOAD c:/program files (x86)/gnu tools arm embedded/4.9 2015q3/bin/../lib/gcc/arm-none-eabi/4.9.3/armv7e-m/fpu\libgcc.a
LOAD c:/program files (x86)/gnu tools arm embedded/4.9 2015q3/bin/../lib/gcc/arm-none-eabi/4.9.3/../../../../arm-none-eabi/lib/armv7e-m/fpu\libc_nano.a
LOAD c:/program files (x86)/gnu tools arm embedded/4.9 2015q3/bin/../lib/gcc/arm-none-eabi/4.9.3/../../../../arm-none-eabi/lib/armv7e-m/fpu\librdimon_nano.a
END GROUP
START GROUP
LOAD c:/program files (x86)/gnu tools arm embedded/4.9 2015q3/bin/../lib/gcc/arm-none-eabi/4.9.3/armv7e-m/fpu\libgcc.a
LOAD c:/program files (x86)/gnu tools arm embedded/4.9 2015q3/bin/../lib/gcc/arm-none-eabi/4.9.3/../../../../arm-none-eabi/lib/armv7e-m/fpu\libc_nano.a
LOAD c:/program files (x86)/gnu tools arm embedded/4.9 2015q3/bin/../lib/gcc/arm-none-eabi/4.9.3/../../../../arm-none-eabi/lib/armv7e-m/fpu\librdimon_nano.a
END GROUP
LOAD c:/program files (x86)/gnu tools arm embedded/4.9 2015q3/bin/../lib/gcc/arm-none-eabi/4.9.3/armv7e-m/fpu/crtend.o
LOAD c:/program files (x86)/gnu tools arm embedded/4.9 2015q3/bin/../lib/gcc/arm-none-eabi/4.9.3/armv7e-m/fpu/crtn.o
START GROUP
LOAD c:/program files (x86)/gnu tools arm embedded/4.9 2015q3/bin/../lib/gcc/arm-none-eabi/4.9.3/armv7e-m/fpu\libgcc.a
LOAD c:/program files (x86)/gnu tools arm embedded/4.9 2015q3/bin/../lib/gcc/arm-none-eabi/4.9.3/../../../../arm-none-eabi/lib/armv7e-m/fpu\libc.a
LOAD c:/program files (x86)/gnu tools arm embedded/4.9 2015q3/bin/../lib/gcc/arm-none-eabi/4.9.3/../../../../arm-none-eabi/lib/armv7e-m/fpu\libm.a
LOAD c:/program files (x86)/gnu tools arm embedded/4.9 2015q3/bin/../lib/gcc/arm-none-eabi/4.9.3/../../../../arm-none-eabi/lib/armv7e-m/fpu\libnosys.a
END GROUP

.text           0x00000000     0x7268
                0x00000000                __ROM_Start = .
 *(.vectors)
 .vectors       0x00000000       0x40 ./synergy/ssp/src/bsp/cmsis/Device/RENESAS/S7G2/Source/startup_S7G2.o
                0x00000000                __Vectors
 *(SORT(.vector.*))
                0x00000040                __Vectors_End = .
                0x00000040                __end__ = .
                0x00000400                . = (__ROM_Start + 0x400)
 *fill*         0x00000040      0x3c0 ff
 *(.rom_registers*)
 .rom_registers
                0x00000400       0x3c ./synergy/ssp/src/bsp/mcu/s7g2/bsp_rom_registers.o
                0x00000500                . = (__ROM_Start + 0x500)
 *fill*         0x0000043c       0xc4 ff
                0x00000500                __Vector_Info_Start = .
 *(SORT(.vector_info.*))
                0x00000500                __Vector_Info_End = .
                0x00000500                __Lock_Lookup_Start = .
 *(SORT(.hw_lock_lookup.*))
 .hw_lock_lookup.ADC_0U_0U
                0x00000500        0x4 ./synergy/ssp/src/bsp/mcu/s7g2/bsp_hw_locks.o
                0x00000500                g_lock_lookup_ADC_0U_0U
 .hw_lock_lookup.ADC_0U_1U
                0x00000504        0x4 ./synergy/ssp/src/bsp/mcu/s7g2/bsp_hw_locks.o
                0x00000504                g_lock_lookup_ADC_0U_1U
 .hw_lock_lookup.AGT_0U_0U
                0x00000508        0x4 ./synergy/ssp/src/bsp/mcu/s7g2/bsp_hw_locks.o
                0x00000508                g_lock_lookup_AGT_0U_0U
 .hw_lock_lookup.AGT_0U_1U
                0x0000050c        0x4 ./synergy/ssp/src/bsp/mcu/s7g2/bsp_hw_locks.o
                0x0000050c                g_lock_lookup_AGT_0U_1U
 .hw_lock_lookup.BSC_0U_1U
                0x00000510        0x4 ./synergy/ssp/src/bsp/mcu/s7g2/bsp_hw_locks.o
                0x00000510                g_lock_lookup_BSC_0U_1U
 .hw_lock_lookup.CAC_0U_0U
                0x00000514        0x4 ./synergy/ssp/src/bsp/mcu/s7g2/bsp_hw_locks.o
                0x00000514                g_lock_lookup_CAC_0U_0U
 .hw_lock_lookup.CAN_0U_0U
                0x00000518        0x4 ./synergy/ssp/src/bsp/mcu/s7g2/bsp_hw_locks.o
                0x00000518                g_lock_lookup_CAN_0U_0U
 .hw_lock_lookup.CAN_0U_1U
                0x0000051c        0x4 ./synergy/ssp/src/bsp/mcu/s7g2/bsp_hw_locks.o
                0x0000051c                g_lock_lookup_CAN_0U_1U
 .hw_lock_lookup.COMP_HS_0U_0U
                0x00000520        0x4 ./synergy/ssp/src/bsp/mcu/s7g2/bsp_hw_locks.o
                0x00000520                g_lock_lookup_COMP_HS_0U_0U
 .hw_lock_lookup.COMP_HS_0U_1U
                0x00000524        0x4 ./synergy/ssp/src/bsp/mcu/s7g2/bsp_hw_locks.o
                0x00000524                g_lock_lookup_COMP_HS_0U_1U
 .hw_lock_lookup.COMP_HS_0U_2U
                0x00000528        0x4 ./synergy/ssp/src/bsp/mcu/s7g2/bsp_hw_locks.o
                0x00000528                g_lock_lookup_COMP_HS_0U_2U
 .hw_lock_lookup.COMP_HS_0U_3U
                0x0000052c        0x4 ./synergy/ssp/src/bsp/mcu/s7g2/bsp_hw_locks.o
                0x0000052c                g_lock_lookup_COMP_HS_0U_3U
 .hw_lock_lookup.COMP_HS_0U_4U
                0x00000530        0x4 ./synergy/ssp/src/bsp/mcu/s7g2/bsp_hw_locks.o
                0x00000530                g_lock_lookup_COMP_HS_0U_4U
 .hw_lock_lookup.COMP_HS_0U_5U
                0x00000534        0x4 ./synergy/ssp/src/bsp/mcu/s7g2/bsp_hw_locks.o
                0x00000534                g_lock_lookup_COMP_HS_0U_5U
 .hw_lock_lookup.CRC_0U_0U
                0x00000538        0x4 ./synergy/ssp/src/bsp/mcu/s7g2/bsp_hw_locks.o
                0x00000538                g_lock_lookup_CRC_0U_0U
 .hw_lock_lookup.CTSU_0U_0U
                0x0000053c        0x4 ./synergy/ssp/src/bsp/mcu/s7g2/bsp_hw_locks.o
                0x0000053c                g_lock_lookup_CTSU_0U_0U
 .hw_lock_lookup.DAAD_0U_0U
                0x00000540        0x4 ./synergy/ssp/src/bsp/mcu/s7g2/bsp_hw_locks.o
                0x00000540                g_lock_lookup_DAAD_0U_0U
 .hw_lock_lookup.DAC_0U_0U
                0x00000544        0x4 ./synergy/ssp/src/bsp/mcu/s7g2/bsp_hw_locks.o
                0x00000544                g_lock_lookup_DAC_0U_0U
 .hw_lock_lookup.DAC_0U_1U
                0x00000548        0x4 ./synergy/ssp/src/bsp/mcu/s7g2/bsp_hw_locks.o
                0x00000548                g_lock_lookup_DAC_0U_1U
 .hw_lock_lookup.DMAC_0U_0U
                0x0000054c        0x4 ./synergy/ssp/src/bsp/mcu/s7g2/bsp_hw_locks.o
                0x0000054c                g_lock_lookup_DMAC_0U_0U
 .hw_lock_lookup.DMAC_0U_1U
                0x00000550        0x4 ./synergy/ssp/src/bsp/mcu/s7g2/bsp_hw_locks.o
                0x00000550                g_lock_lookup_DMAC_0U_1U
 .hw_lock_lookup.DMAC_0U_2U
                0x00000554        0x4 ./synergy/ssp/src/bsp/mcu/s7g2/bsp_hw_locks.o
                0x00000554                g_lock_lookup_DMAC_0U_2U
 .hw_lock_lookup.DMAC_0U_3U
                0x00000558        0x4 ./synergy/ssp/src/bsp/mcu/s7g2/bsp_hw_locks.o
                0x00000558                g_lock_lookup_DMAC_0U_3U
 .hw_lock_lookup.DMAC_0U_4U
                0x0000055c        0x4 ./synergy/ssp/src/bsp/mcu/s7g2/bsp_hw_locks.o
                0x0000055c                g_lock_lookup_DMAC_0U_4U
 .hw_lock_lookup.DMAC_0U_5U
                0x00000560        0x4 ./synergy/ssp/src/bsp/mcu/s7g2/bsp_hw_locks.o
                0x00000560                g_lock_lookup_DMAC_0U_5U
 .hw_lock_lookup.DMAC_0U_6U
                0x00000564        0x4 ./synergy/ssp/src/bsp/mcu/s7g2/bsp_hw_locks.o
                0x00000564                g_lock_lookup_DMAC_0U_6U
 .hw_lock_lookup.DMAC_0U_7U
                0x00000568        0x4 ./synergy/ssp/src/bsp/mcu/s7g2/bsp_hw_locks.o
                0x00000568                g_lock_lookup_DMAC_0U_7U
 .hw_lock_lookup.DOC_0U_0U
                0x0000056c        0x4 ./synergy/ssp/src/bsp/mcu/s7g2/bsp_hw_locks.o
                0x0000056c                g_lock_lookup_DOC_0U_0U
 .hw_lock_lookup.DRW_0U_0U
                0x00000570        0x4 ./synergy/ssp/src/bsp/mcu/s7g2/bsp_hw_locks.o
                0x00000570                g_lock_lookup_DRW_0U_0U
 .hw_lock_lookup.DTC_0U_0U
                0x00000574        0x4 ./synergy/ssp/src/bsp/mcu/s7g2/bsp_hw_locks.o
                0x00000574                g_lock_lookup_DTC_0U_0U
 .hw_lock_lookup.ELC_0U_0U
                0x00000578        0x4 ./synergy/ssp/src/bsp/mcu/s7g2/bsp_hw_locks.o
                0x00000578                g_lock_lookup_ELC_0U_0U
 .hw_lock_lookup.EPTPC_0U_0U
                0x0000057c        0x4 ./synergy/ssp/src/bsp/mcu/s7g2/bsp_hw_locks.o
                0x0000057c                g_lock_lookup_EPTPC_0U_0U
 .hw_lock_lookup.ETHER_0U_0U
                0x00000580        0x4 ./synergy/ssp/src/bsp/mcu/s7g2/bsp_hw_locks.o
                0x00000580                g_lock_lookup_ETHER_0U_0U
 .hw_lock_lookup.ETHER_0U_1U
                0x00000584        0x4 ./synergy/ssp/src/bsp/mcu/s7g2/bsp_hw_locks.o
                0x00000584                g_lock_lookup_ETHER_0U_1U
 .hw_lock_lookup.FCU_0U_0U
                0x00000588        0x4 ./synergy/ssp/src/bsp/mcu/s7g2/bsp_hw_locks.o
                0x00000588                g_lock_lookup_FCU_0U_0U
 .hw_lock_lookup.GLCDC_0U_0U
                0x0000058c        0x4 ./synergy/ssp/src/bsp/mcu/s7g2/bsp_hw_locks.o
                0x0000058c                g_lock_lookup_GLCDC_0U_0U
 .hw_lock_lookup.GPT_0U_0U
                0x00000590        0x4 ./synergy/ssp/src/bsp/mcu/s7g2/bsp_hw_locks.o
                0x00000590                g_lock_lookup_GPT_0U_0U
 .hw_lock_lookup.GPT_0U_10U
                0x00000594        0x4 ./synergy/ssp/src/bsp/mcu/s7g2/bsp_hw_locks.o
                0x00000594                g_lock_lookup_GPT_0U_10U
 .hw_lock_lookup.GPT_0U_11U
                0x00000598        0x4 ./synergy/ssp/src/bsp/mcu/s7g2/bsp_hw_locks.o
                0x00000598                g_lock_lookup_GPT_0U_11U
 .hw_lock_lookup.GPT_0U_12U
                0x0000059c        0x4 ./synergy/ssp/src/bsp/mcu/s7g2/bsp_hw_locks.o
                0x0000059c                g_lock_lookup_GPT_0U_12U
 .hw_lock_lookup.GPT_0U_13U
                0x000005a0        0x4 ./synergy/ssp/src/bsp/mcu/s7g2/bsp_hw_locks.o
                0x000005a0                g_lock_lookup_GPT_0U_13U
 .hw_lock_lookup.GPT_0U_1U
                0x000005a4        0x4 ./synergy/ssp/src/bsp/mcu/s7g2/bsp_hw_locks.o
                0x000005a4                g_lock_lookup_GPT_0U_1U
 .hw_lock_lookup.GPT_0U_2U
                0x000005a8        0x4 ./synergy/ssp/src/bsp/mcu/s7g2/bsp_hw_locks.o
                0x000005a8                g_lock_lookup_GPT_0U_2U
 .hw_lock_lookup.GPT_0U_3U
                0x000005ac        0x4 ./synergy/ssp/src/bsp/mcu/s7g2/bsp_hw_locks.o
                0x000005ac                g_lock_lookup_GPT_0U_3U
 .hw_lock_lookup.GPT_0U_4U
                0x000005b0        0x4 ./synergy/ssp/src/bsp/mcu/s7g2/bsp_hw_locks.o
                0x000005b0                g_lock_lookup_GPT_0U_4U
 .hw_lock_lookup.GPT_0U_5U
                0x000005b4        0x4 ./synergy/ssp/src/bsp/mcu/s7g2/bsp_hw_locks.o
                0x000005b4                g_lock_lookup_GPT_0U_5U
 .hw_lock_lookup.GPT_0U_6U
                0x000005b8        0x4 ./synergy/ssp/src/bsp/mcu/s7g2/bsp_hw_locks.o
                0x000005b8                g_lock_lookup_GPT_0U_6U
 .hw_lock_lookup.GPT_0U_7U
                0x000005bc        0x4 ./synergy/ssp/src/bsp/mcu/s7g2/bsp_hw_locks.o
                0x000005bc                g_lock_lookup_GPT_0U_7U
 .hw_lock_lookup.GPT_0U_8U
                0x000005c0        0x4 ./synergy/ssp/src/bsp/mcu/s7g2/bsp_hw_locks.o
                0x000005c0                g_lock_lookup_GPT_0U_8U
 .hw_lock_lookup.GPT_0U_9U
                0x000005c4        0x4 ./synergy/ssp/src/bsp/mcu/s7g2/bsp_hw_locks.o
                0x000005c4                g_lock_lookup_GPT_0U_9U
 .hw_lock_lookup.ICU_0U_0U
                0x000005c8        0x4 ./synergy/ssp/src/bsp/mcu/s7g2/bsp_hw_locks.o
                0x000005c8                g_lock_lookup_ICU_0U_0U
 .hw_lock_lookup.ICU_0U_10U
                0x000005cc        0x4 ./synergy/ssp/src/bsp/mcu/s7g2/bsp_hw_locks.o
                0x000005cc                g_lock_lookup_ICU_0U_10U
 .hw_lock_lookup.ICU_0U_11U
                0x000005d0        0x4 ./synergy/ssp/src/bsp/mcu/s7g2/bsp_hw_locks.o
                0x000005d0                g_lock_lookup_ICU_0U_11U
 .hw_lock_lookup.ICU_0U_12U
                0x000005d4        0x4 ./synergy/ssp/src/bsp/mcu/s7g2/bsp_hw_locks.o
                0x000005d4                g_lock_lookup_ICU_0U_12U
 .hw_lock_lookup.ICU_0U_13U
                0x000005d8        0x4 ./synergy/ssp/src/bsp/mcu/s7g2/bsp_hw_locks.o
                0x000005d8                g_lock_lookup_ICU_0U_13U
 .hw_lock_lookup.ICU_0U_14U
                0x000005dc        0x4 ./synergy/ssp/src/bsp/mcu/s7g2/bsp_hw_locks.o
                0x000005dc                g_lock_lookup_ICU_0U_14U
 .hw_lock_lookup.ICU_0U_15U
                0x000005e0        0x4 ./synergy/ssp/src/bsp/mcu/s7g2/bsp_hw_locks.o
                0x000005e0                g_lock_lookup_ICU_0U_15U
 .hw_lock_lookup.ICU_0U_1U
                0x000005e4        0x4 ./synergy/ssp/src/bsp/mcu/s7g2/bsp_hw_locks.o
                0x000005e4                g_lock_lookup_ICU_0U_1U
 .hw_lock_lookup.ICU_0U_2U
                0x000005e8        0x4 ./synergy/ssp/src/bsp/mcu/s7g2/bsp_hw_locks.o
                0x000005e8                g_lock_lookup_ICU_0U_2U
 .hw_lock_lookup.ICU_0U_3U
                0x000005ec        0x4 ./synergy/ssp/src/bsp/mcu/s7g2/bsp_hw_locks.o
                0x000005ec                g_lock_lookup_ICU_0U_3U
 .hw_lock_lookup.ICU_0U_4U
                0x000005f0        0x4 ./synergy/ssp/src/bsp/mcu/s7g2/bsp_hw_locks.o
                0x000005f0                g_lock_lookup_ICU_0U_4U
 .hw_lock_lookup.ICU_0U_5U
                0x000005f4        0x4 ./synergy/ssp/src/bsp/mcu/s7g2/bsp_hw_locks.o
                0x000005f4                g_lock_lookup_ICU_0U_5U
 .hw_lock_lookup.ICU_0U_6U
                0x000005f8        0x4 ./synergy/ssp/src/bsp/mcu/s7g2/bsp_hw_locks.o
                0x000005f8                g_lock_lookup_ICU_0U_6U
 .hw_lock_lookup.ICU_0U_7U
                0x000005fc        0x4 ./synergy/ssp/src/bsp/mcu/s7g2/bsp_hw_locks.o
                0x000005fc                g_lock_lookup_ICU_0U_7U
 .hw_lock_lookup.ICU_0U_8U
                0x00000600        0x4 ./synergy/ssp/src/bsp/mcu/s7g2/bsp_hw_locks.o
                0x00000600                g_lock_lookup_ICU_0U_8U
 .hw_lock_lookup.ICU_0U_9U
                0x00000604        0x4 ./synergy/ssp/src/bsp/mcu/s7g2/bsp_hw_locks.o
                0x00000604                g_lock_lookup_ICU_0U_9U
 .hw_lock_lookup.IIC_0U_0U
                0x00000608        0x4 ./synergy/ssp/src/bsp/mcu/s7g2/bsp_hw_locks.o
                0x00000608                g_lock_lookup_IIC_0U_0U
 .hw_lock_lookup.IIC_0U_1U
                0x0000060c        0x4 ./synergy/ssp/src/bsp/mcu/s7g2/bsp_hw_locks.o
                0x0000060c                g_lock_lookup_IIC_0U_1U
 .hw_lock_lookup.IIC_0U_2U
                0x00000610        0x4 ./synergy/ssp/src/bsp/mcu/s7g2/bsp_hw_locks.o
                0x00000610                g_lock_lookup_IIC_0U_2U
 .hw_lock_lookup.IRDA_0U_0U
                0x00000614        0x4 ./synergy/ssp/src/bsp/mcu/s7g2/bsp_hw_locks.o
                0x00000614                g_lock_lookup_IRDA_0U_0U
 .hw_lock_lookup.IWDT_0U_0U
                0x00000618        0x4 ./synergy/ssp/src/bsp/mcu/s7g2/bsp_hw_locks.o
                0x00000618                g_lock_lookup_IWDT_0U_0U
 .hw_lock_lookup.JPEG_0U_0U
                0x0000061c        0x4 ./synergy/ssp/src/bsp/mcu/s7g2/bsp_hw_locks.o
                0x0000061c                g_lock_lookup_JPEG_0U_0U
 .hw_lock_lookup.KEY_0U_0U
                0x00000620        0x4 ./synergy/ssp/src/bsp/mcu/s7g2/bsp_hw_locks.o
                0x00000620                g_lock_lookup_KEY_0U_0U
 .hw_lock_lookup.LPM_1U_0U
                0x00000624        0x4 ./synergy/ssp/src/bsp/mcu/s7g2/bsp_hw_locks.o
                0x00000624                g_lock_lookup_LPM_1U_0U
 .hw_lock_lookup.LVD_0U_0U
                0x00000628        0x4 ./synergy/ssp/src/bsp/mcu/s7g2/bsp_hw_locks.o
                0x00000628                g_lock_lookup_LVD_0U_0U
 .hw_lock_lookup.LVD_0U_1U
                0x0000062c        0x4 ./synergy/ssp/src/bsp/mcu/s7g2/bsp_hw_locks.o
                0x0000062c                g_lock_lookup_LVD_0U_1U
 .hw_lock_lookup.MMF_0U_0U
                0x00000630        0x4 ./synergy/ssp/src/bsp/mcu/s7g2/bsp_hw_locks.o
                0x00000630                g_lock_lookup_MMF_0U_0U
 .hw_lock_lookup.MPU_0U_0U
                0x00000634        0x4 ./synergy/ssp/src/bsp/mcu/s7g2/bsp_hw_locks.o
                0x00000634                g_lock_lookup_MPU_0U_0U
 .hw_lock_lookup.OPS_0U_0U
                0x00000638        0x4 ./synergy/ssp/src/bsp/mcu/s7g2/bsp_hw_locks.o
                0x00000638                g_lock_lookup_OPS_0U_0U
 .hw_lock_lookup.PDC_0U_0U
                0x0000063c        0x4 ./synergy/ssp/src/bsp/mcu/s7g2/bsp_hw_locks.o
                0x0000063c                g_lock_lookup_PDC_0U_0U
 .hw_lock_lookup.POEG_0U_0U
                0x00000640        0x4 ./synergy/ssp/src/bsp/mcu/s7g2/bsp_hw_locks.o
                0x00000640                g_lock_lookup_POEG_0U_0U
 .hw_lock_lookup.POEG_0U_1U
                0x00000644        0x4 ./synergy/ssp/src/bsp/mcu/s7g2/bsp_hw_locks.o
                0x00000644                g_lock_lookup_POEG_0U_1U
 .hw_lock_lookup.POEG_0U_2U
                0x00000648        0x4 ./synergy/ssp/src/bsp/mcu/s7g2/bsp_hw_locks.o
                0x00000648                g_lock_lookup_POEG_0U_2U
 .hw_lock_lookup.POEG_0U_3U
                0x0000064c        0x4 ./synergy/ssp/src/bsp/mcu/s7g2/bsp_hw_locks.o
                0x0000064c                g_lock_lookup_POEG_0U_3U
 .hw_lock_lookup.QSPI_0U_0U
                0x00000650        0x4 ./synergy/ssp/src/bsp/mcu/s7g2/bsp_hw_locks.o
                0x00000650                g_lock_lookup_QSPI_0U_0U
 .hw_lock_lookup.RTC_0U_0U
                0x00000654        0x4 ./synergy/ssp/src/bsp/mcu/s7g2/bsp_hw_locks.o
                0x00000654                g_lock_lookup_RTC_0U_0U
 .hw_lock_lookup.SCE_0U_0U
                0x00000658        0x4 ./synergy/ssp/src/bsp/mcu/s7g2/bsp_hw_locks.o
                0x00000658                g_lock_lookup_SCE_0U_0U
 .hw_lock_lookup.SCI_0U_0U
                0x0000065c        0x4 ./synergy/ssp/src/bsp/mcu/s7g2/bsp_hw_locks.o
                0x0000065c                g_lock_lookup_SCI_0U_0U
 .hw_lock_lookup.SCI_0U_1U
                0x00000660        0x4 ./synergy/ssp/src/bsp/mcu/s7g2/bsp_hw_locks.o
                0x00000660                g_lock_lookup_SCI_0U_1U
 .hw_lock_lookup.SCI_0U_2U
                0x00000664        0x4 ./synergy/ssp/src/bsp/mcu/s7g2/bsp_hw_locks.o
                0x00000664                g_lock_lookup_SCI_0U_2U
 .hw_lock_lookup.SCI_0U_3U
                0x00000668        0x4 ./synergy/ssp/src/bsp/mcu/s7g2/bsp_hw_locks.o
                0x00000668                g_lock_lookup_SCI_0U_3U
 .hw_lock_lookup.SCI_0U_4U
                0x0000066c        0x4 ./synergy/ssp/src/bsp/mcu/s7g2/bsp_hw_locks.o
                0x0000066c                g_lock_lookup_SCI_0U_4U
 .hw_lock_lookup.SCI_0U_5U
                0x00000670        0x4 ./synergy/ssp/src/bsp/mcu/s7g2/bsp_hw_locks.o
                0x00000670                g_lock_lookup_SCI_0U_5U
 .hw_lock_lookup.SCI_0U_6U
                0x00000674        0x4 ./synergy/ssp/src/bsp/mcu/s7g2/bsp_hw_locks.o
                0x00000674                g_lock_lookup_SCI_0U_6U
 .hw_lock_lookup.SCI_0U_7U
                0x00000678        0x4 ./synergy/ssp/src/bsp/mcu/s7g2/bsp_hw_locks.o
                0x00000678                g_lock_lookup_SCI_0U_7U
 .hw_lock_lookup.SCI_0U_8U
                0x0000067c        0x4 ./synergy/ssp/src/bsp/mcu/s7g2/bsp_hw_locks.o
                0x0000067c                g_lock_lookup_SCI_0U_8U
 .hw_lock_lookup.SCI_0U_9U
                0x00000680        0x4 ./synergy/ssp/src/bsp/mcu/s7g2/bsp_hw_locks.o
                0x00000680                g_lock_lookup_SCI_0U_9U
 .hw_lock_lookup.SDHIMMC_0U_0U
                0x00000684        0x4 ./synergy/ssp/src/bsp/mcu/s7g2/bsp_hw_locks.o
                0x00000684                g_lock_lookup_SDHIMMC_0U_0U
 .hw_lock_lookup.SDHIMMC_0U_1U
                0x00000688        0x4 ./synergy/ssp/src/bsp/mcu/s7g2/bsp_hw_locks.o
                0x00000688                g_lock_lookup_SDHIMMC_0U_1U
 .hw_lock_lookup.SPI_0U_0U
                0x0000068c        0x4 ./synergy/ssp/src/bsp/mcu/s7g2/bsp_hw_locks.o
                0x0000068c                g_lock_lookup_SPI_0U_0U
 .hw_lock_lookup.SPI_0U_1U
                0x00000690        0x4 ./synergy/ssp/src/bsp/mcu/s7g2/bsp_hw_locks.o
                0x00000690                g_lock_lookup_SPI_0U_1U
 .hw_lock_lookup.SRC_0U_0U
                0x00000694        0x4 ./synergy/ssp/src/bsp/mcu/s7g2/bsp_hw_locks.o
                0x00000694                g_lock_lookup_SRC_0U_0U
 .hw_lock_lookup.SSI_0U_0U
                0x00000698        0x4 ./synergy/ssp/src/bsp/mcu/s7g2/bsp_hw_locks.o
                0x00000698                g_lock_lookup_SSI_0U_0U
 .hw_lock_lookup.SSI_0U_1U
                0x0000069c        0x4 ./synergy/ssp/src/bsp/mcu/s7g2/bsp_hw_locks.o
                0x0000069c                g_lock_lookup_SSI_0U_1U
 .hw_lock_lookup.TSN_0U_0U
                0x000006a0        0x4 ./synergy/ssp/src/bsp/mcu/s7g2/bsp_hw_locks.o
                0x000006a0                g_lock_lookup_TSN_0U_0U
 .hw_lock_lookup.USB_0U_0U
                0x000006a4        0x4 ./synergy/ssp/src/bsp/mcu/s7g2/bsp_hw_locks.o
                0x000006a4                g_lock_lookup_USB_0U_0U
 .hw_lock_lookup.USB_1U_0U
                0x000006a8        0x4 ./synergy/ssp/src/bsp/mcu/s7g2/bsp_hw_locks.o
                0x000006a8                g_lock_lookup_USB_1U_0U
 .hw_lock_lookup.WDT_0U_0U
                0x000006ac        0x4 ./synergy/ssp/src/bsp/mcu/s7g2/bsp_hw_locks.o
                0x000006ac                g_lock_lookup_WDT_0U_0U
                0x000006b0                __Lock_Lookup_End = .
 *(.text*)
 .text          0x000006b0       0x5c c:/program files (x86)/gnu tools arm embedded/4.9 2015q3/bin/../lib/gcc/arm-none-eabi/4.9.3/armv7e-m/fpu/crtbegin.o
 .text.R_IOPORT_PinRead
                0x0000070c       0x48 ./synergy/ssp/src/driver/r_ioport/r_ioport.o
                0x0000070c                R_IOPORT_PinRead
 .text.R_IOPORT_PortRead
                0x00000754       0x28 ./synergy/ssp/src/driver/r_ioport/r_ioport.o
                0x00000754                R_IOPORT_PortRead
 .text.R_IOPORT_PortEventInputRead
                0x0000077c       0x28 ./synergy/ssp/src/driver/r_ioport/r_ioport.o
                0x0000077c                R_IOPORT_PortEventInputRead
 .text.R_IOPORT_PinEventInputRead
                0x000007a4       0x58 ./synergy/ssp/src/driver/r_ioport/r_ioport.o
                0x000007a4                R_IOPORT_PinEventInputRead
 .text.R_IOPORT_PortEventOutputWrite
                0x000007fc       0x38 ./synergy/ssp/src/driver/r_ioport/r_ioport.o
                0x000007fc                R_IOPORT_PortEventOutputWrite
 .text.R_IOPORT_PinEventOutputWrite
                0x00000834       0x54 ./synergy/ssp/src/driver/r_ioport/r_ioport.o
                0x00000834                R_IOPORT_PinEventOutputWrite
 .text.R_IOPORT_VersionGet
                0x00000888       0x18 ./synergy/ssp/src/driver/r_ioport/r_ioport.o
                0x00000888                R_IOPORT_VersionGet
 .text.R_IOPORT_PinDirectionSet
                0x000008a0       0xcc ./synergy/ssp/src/driver/r_ioport/r_ioport.o
                0x000008a0                R_IOPORT_PinDirectionSet
 .text.R_IOPORT_PortWrite
                0x0000096c       0x38 ./synergy/ssp/src/driver/r_ioport/r_ioport.o
                0x0000096c                R_IOPORT_PortWrite
 .text.R_IOPORT_PortDirectionSet
                0x000009a4       0x40 ./synergy/ssp/src/driver/r_ioport/r_ioport.o
                0x000009a4                R_IOPORT_PortDirectionSet
 .text.bsp_vbatt_init.isra.4
                0x000009e4       0x8c ./synergy/ssp/src/driver/r_ioport/r_ioport.o
 .text.R_IOPORT_EthernetModeCfg
                0x00000a70       0x58 ./synergy/ssp/src/driver/r_ioport/r_ioport.o
                0x00000a70                R_IOPORT_EthernetModeCfg
 .text.R_IOPORT_PinsCfg
                0x00000ac8       0xe0 ./synergy/ssp/src/driver/r_ioport/r_ioport.o
                0x00000ac8                R_IOPORT_PinsCfg
 .text.R_IOPORT_Init
                0x00000ba8       0x78 ./synergy/ssp/src/driver/r_ioport/r_ioport.o
                0x00000ba8                R_IOPORT_Init
 .text.R_IOPORT_PinCfg
                0x00000c20       0xd0 ./synergy/ssp/src/driver/r_ioport/r_ioport.o
                0x00000c20                R_IOPORT_PinCfg
 .text.R_IOPORT_PinWrite
                0x00000cf0       0xcc ./synergy/ssp/src/driver/r_ioport/r_ioport.o
                0x00000cf0                R_IOPORT_PinWrite
 .text.R_GPT_VersionGet
                0x00000dbc       0x14 ./synergy/ssp/src/driver/r_gpt/r_gpt.o
                0x00000dbc                R_GPT_VersionGet
 .text.gpt_period_to_pclk
                0x00000dd0      0x108 ./synergy/ssp/src/driver/r_gpt/r_gpt.o
 .text.gpt_duty_cycle_to_pclk
                0x00000ed8       0x60 ./synergy/ssp/src/driver/r_gpt/r_gpt.o
 .text.R_GPT_Stop
                0x00000f38       0x28 ./synergy/ssp/src/driver/r_gpt/r_gpt.o
                0x00000f38                R_GPT_Stop
 .text.R_GPT_Start
                0x00000f60       0x28 ./synergy/ssp/src/driver/r_gpt/r_gpt.o
                0x00000f60                R_GPT_Start
 .text.R_GPT_CounterGet
                0x00000f88       0x28 ./synergy/ssp/src/driver/r_gpt/r_gpt.o
                0x00000f88                R_GPT_CounterGet
 .text.R_GPT_Reset
                0x00000fb0       0x4c ./synergy/ssp/src/driver/r_gpt/r_gpt.o
                0x00000fb0                R_GPT_Reset
 .text.R_GPT_PeriodSet
                0x00000ffc       0x80 ./synergy/ssp/src/driver/r_gpt/r_gpt.o
                0x00000ffc                R_GPT_PeriodSet
 .text.R_GPT_InfoGet
                0x0000107c       0x88 ./synergy/ssp/src/driver/r_gpt/r_gpt.o
                0x0000107c                R_GPT_InfoGet
 .text.R_GPT_DutyCycleSet
                0x00001104       0xb8 ./synergy/ssp/src/driver/r_gpt/r_gpt.o
                0x00001104                R_GPT_DutyCycleSet
 .text.R_GPT_Close
                0x000011bc       0xa4 ./synergy/ssp/src/driver/r_gpt/r_gpt.o
                0x000011bc                R_GPT_Close
 .text.R_GPT_TimerOpen
                0x00001260      0x430 ./synergy/ssp/src/driver/r_gpt/r_gpt.o
                0x00001260                R_GPT_TimerOpen
 .text.R_FMI_ProductInfoGet
                0x00001690       0x28 ./synergy/ssp/src/driver/r_fmi/r_fmi.o
 .text.R_FMI_UniqueIdGet
                0x000016b8       0x30 ./synergy/ssp/src/driver/r_fmi/r_fmi.o
 .text.R_FMI_EventInfoGet
                0x000016e8       0x6c ./synergy/ssp/src/driver/r_fmi/r_fmi.o
 .text.R_FMI_VersionGet
                0x00001754       0x14 ./synergy/ssp/src/driver/r_fmi/r_fmi.o
 .text.R_FMI_Init
                0x00001768       0xbc ./synergy/ssp/src/driver/r_fmi/r_fmi.o
 .text.R_FMI_FeatureGet
                0x00001824      0x244 ./synergy/ssp/src/driver/r_fmi/r_fmi.o
 .text.R_ELC_LinkSet
                0x00001a68       0x14 ./synergy/ssp/src/driver/r_elc/r_elc.o
                0x00001a68                R_ELC_LinkSet
 .text.R_ELC_LinkBreak
                0x00001a7c       0x14 ./synergy/ssp/src/driver/r_elc/r_elc.o
                0x00001a7c                R_ELC_LinkBreak
 .text.R_ELC_Enable
                0x00001a90       0x14 ./synergy/ssp/src/driver/r_elc/r_elc.o
                0x00001a90                R_ELC_Enable
 .text.R_ELC_Disable
                0x00001aa4       0x14 ./synergy/ssp/src/driver/r_elc/r_elc.o
                0x00001aa4                R_ELC_Disable
 .text.R_ELC_VersionGet
                0x00001ab8       0x14 ./synergy/ssp/src/driver/r_elc/r_elc.o
                0x00001ab8                R_ELC_VersionGet
 .text.R_ELC_SoftwareEventGenerate
                0x00001acc       0x30 ./synergy/ssp/src/driver/r_elc/r_elc.o
                0x00001acc                R_ELC_SoftwareEventGenerate
 .text.R_ELC_Init
                0x00001afc       0x80 ./synergy/ssp/src/driver/r_elc/r_elc.o
                0x00001afc                R_ELC_Init
 .text.HW_CGC_Init
                0x00001b7c       0x34 ./synergy/ssp/src/driver/r_cgc/hw/hw_cgc.o
                0x00001b7c                HW_CGC_Init
 .text.HW_CGC_InitPLLFreq
                0x00001bb0       0xf4 ./synergy/ssp/src/driver/r_cgc/hw/hw_cgc.o
                0x00001bb0                HW_CGC_InitPLLFreq
 .text.HW_CGC_MainClockDriveSet
                0x00001ca4       0x3c ./synergy/ssp/src/driver/r_cgc/hw/hw_cgc.o
                0x00001ca4                HW_CGC_MainClockDriveSet
 .text.HW_CGC_SubClockDriveSet
                0x00001ce0       0x3c ./synergy/ssp/src/driver/r_cgc/hw/hw_cgc.o
                0x00001ce0                HW_CGC_SubClockDriveSet
 .text.HW_CGC_ClockStart
                0x00001d1c       0xa0 ./synergy/ssp/src/driver/r_cgc/hw/hw_cgc.o
                0x00001d1c                HW_CGC_ClockStart
 .text.HW_CGC_ClockStop
                0x00001dbc       0xa0 ./synergy/ssp/src/driver/r_cgc/hw/hw_cgc.o
                0x00001dbc                HW_CGC_ClockStop
 .text.HW_CGC_ClockCheck
                0x00001e5c       0x2c ./synergy/ssp/src/driver/r_cgc/hw/hw_cgc.o
                0x00001e5c                HW_CGC_ClockCheck
 .text.HW_CGC_ClockRunStateGet
                0x00001e88       0x68 ./synergy/ssp/src/driver/r_cgc/hw/hw_cgc.o
                0x00001e88                HW_CGC_ClockRunStateGet
 .text.HW_CGC_DelayCycles
                0x00001ef0        0x8 ./synergy/ssp/src/driver/r_cgc/hw/hw_cgc.o
                0x00001ef0                HW_CGC_DelayCycles
 .text.HW_CGC_MainOscSourceSet
                0x00001ef8       0x2c ./synergy/ssp/src/driver/r_cgc/hw/hw_cgc.o
                0x00001ef8                HW_CGC_MainOscSourceSet
 .text.HW_CGC_ClockWaitSet
                0x00001f24       0x28 ./synergy/ssp/src/driver/r_cgc/hw/hw_cgc.o
                0x00001f24                HW_CGC_ClockWaitSet
 .text.HW_CGC_ClockSourceValidCheck
                0x00001f4c       0x28 ./synergy/ssp/src/driver/r_cgc/hw/hw_cgc.o
                0x00001f4c                HW_CGC_ClockSourceValidCheck
 .text.HW_CGC_SystemClockValidCheck
                0x00001f74        0xc ./synergy/ssp/src/driver/r_cgc/hw/hw_cgc.o
                0x00001f74                HW_CGC_SystemClockValidCheck
 .text.HW_CGC_ClockSourceGet
                0x00001f80        0xc ./synergy/ssp/src/driver/r_cgc/hw/hw_cgc.o
                0x00001f80                HW_CGC_ClockSourceGet
 .text.HW_CGC_ClockSourceSet
                0x00001f8c       0x28 ./synergy/ssp/src/driver/r_cgc/hw/hw_cgc.o
                0x00001f8c                HW_CGC_ClockSourceSet
 .text.HW_CGC_PLLClockSourceGet
                0x00001fb4       0x24 ./synergy/ssp/src/driver/r_cgc/hw/hw_cgc.o
                0x00001fb4                HW_CGC_PLLClockSourceGet
 .text.HW_CGC_PLLClockSourceSet
                0x00001fd8       0x28 ./synergy/ssp/src/driver/r_cgc/hw/hw_cgc.o
                0x00001fd8                HW_CGC_PLLClockSourceSet
 .text.HW_CGC_PLLMultiplierSet
                0x00002000       0x90 ./synergy/ssp/src/driver/r_cgc/hw/hw_cgc.o
                0x00002000                HW_CGC_PLLMultiplierSet
 .text.HW_CGC_PLLDividerSet
                0x00002090       0x88 ./synergy/ssp/src/driver/r_cgc/hw/hw_cgc.o
                0x00002090                HW_CGC_PLLDividerSet
 .text.HW_CGC_SystemDividersSet
                0x00002118       0x70 ./synergy/ssp/src/driver/r_cgc/hw/hw_cgc.o
                0x00002118                HW_CGC_SystemDividersSet
 .text.HW_CGC_SystemDividersGet
                0x00002188       0x3c ./synergy/ssp/src/driver/r_cgc/hw/hw_cgc.o
                0x00002188                HW_CGC_SystemDividersGet
 .text.HW_CGC_ClockCfgValidCheck
                0x000021c4       0x58 ./synergy/ssp/src/driver/r_cgc/hw/hw_cgc.o
                0x000021c4                HW_CGC_ClockCfgValidCheck
 .text.HW_CGC_ClockDividerGet
                0x0000221c       0x4c ./synergy/ssp/src/driver/r_cgc/hw/hw_cgc.o
                0x0000221c                HW_CGC_ClockDividerGet
 .text.HW_CGC_ClockHzGet
                0x00002268       0x20 ./synergy/ssp/src/driver/r_cgc/hw/hw_cgc.o
                0x00002268                HW_CGC_ClockHzGet
 .text.HW_CGC_ClockHzCalculate
                0x00002288       0x10 ./synergy/ssp/src/driver/r_cgc/hw/hw_cgc.o
                0x00002288                HW_CGC_ClockHzCalculate
 .text.HW_CGC_OperatingModeSet
                0x00002298       0xb0 ./synergy/ssp/src/driver/r_cgc/hw/hw_cgc.o
                0x00002298                HW_CGC_OperatingModeSet
 .text.HW_CGC_OperatingModeGet
                0x00002348       0x14 ./synergy/ssp/src/driver/r_cgc/hw/hw_cgc.o
                0x00002348                HW_CGC_OperatingModeGet
 .text.HW_CGC_OscStopDetectEnable
                0x0000235c       0x2c ./synergy/ssp/src/driver/r_cgc/hw/hw_cgc.o
                0x0000235c                HW_CGC_OscStopDetectEnable
 .text.HW_CGC_OscStopDetectDisable
                0x00002388       0x2c ./synergy/ssp/src/driver/r_cgc/hw/hw_cgc.o
                0x00002388                HW_CGC_OscStopDetectDisable
 .text.HW_CGC_OscStopDetectEnabledGet
                0x000023b4        0x8 ./synergy/ssp/src/driver/r_cgc/hw/hw_cgc.o
                0x000023b4                HW_CGC_OscStopDetectEnabledGet
 .text.HW_CGC_OscStopDetectGet
                0x000023bc        0xc ./synergy/ssp/src/driver/r_cgc/hw/hw_cgc.o
                0x000023bc                HW_CGC_OscStopDetectGet
 .text.HW_CGC_OscStopStatusClear
                0x000023c8       0x30 ./synergy/ssp/src/driver/r_cgc/hw/hw_cgc.o
                0x000023c8                HW_CGC_OscStopStatusClear
 .text.HW_CGC_BusClockOutCfg
                0x000023f8       0x28 ./synergy/ssp/src/driver/r_cgc/hw/hw_cgc.o
                0x000023f8                HW_CGC_BusClockOutCfg
 .text.HW_CGC_BusClockOutEnable
                0x00002420       0x20 ./synergy/ssp/src/driver/r_cgc/hw/hw_cgc.o
                0x00002420                HW_CGC_BusClockOutEnable
 .text.HW_CGC_BusClockOutDisable
                0x00002440       0x20 ./synergy/ssp/src/driver/r_cgc/hw/hw_cgc.o
                0x00002440                HW_CGC_BusClockOutDisable
 .text.HW_CGC_ClockOutCfg
                0x00002460       0x4c ./synergy/ssp/src/driver/r_cgc/hw/hw_cgc.o
                0x00002460                HW_CGC_ClockOutCfg
 .text.HW_CGC_ClockOutEnable
                0x000024ac       0x20 ./synergy/ssp/src/driver/r_cgc/hw/hw_cgc.o
                0x000024ac                HW_CGC_ClockOutEnable
 .text.HW_CGC_ClockOutDisable
                0x000024cc       0x20 ./synergy/ssp/src/driver/r_cgc/hw/hw_cgc.o
                0x000024cc                HW_CGC_ClockOutDisable
 .text.HW_CGC_SDRAMClockOutEnable
                0x000024ec       0x20 ./synergy/ssp/src/driver/r_cgc/hw/hw_cgc.o
                0x000024ec                HW_CGC_SDRAMClockOutEnable
 .text.HW_CGC_SDRAMClockOutDisable
                0x0000250c       0x20 ./synergy/ssp/src/driver/r_cgc/hw/hw_cgc.o
                0x0000250c                HW_CGC_SDRAMClockOutDisable
 .text.HW_CGC_USBClockCfg
                0x0000252c       0x2c ./synergy/ssp/src/driver/r_cgc/hw/hw_cgc.o
                0x0000252c                HW_CGC_USBClockCfg
 .text.HW_CGC_SystickUpdate
                0x00002558       0x54 ./synergy/ssp/src/driver/r_cgc/hw/hw_cgc.o
                0x00002558                HW_CGC_SystickUpdate
 .text.HW_CGC_LCDClockCfg
                0x000025ac       0x14 ./synergy/ssp/src/driver/r_cgc/hw/hw_cgc.o
                0x000025ac                HW_CGC_LCDClockCfg
 .text.HW_CGC_LCDClockCfgGet
                0x000025c0        0xc ./synergy/ssp/src/driver/r_cgc/hw/hw_cgc.o
                0x000025c0                HW_CGC_LCDClockCfgGet
 .text.HW_CGC_LCDClockEnable
                0x000025cc       0x10 ./synergy/ssp/src/driver/r_cgc/hw/hw_cgc.o
                0x000025cc                HW_CGC_LCDClockEnable
 .text.HW_CGC_LCDClockDisable
                0x000025dc       0x10 ./synergy/ssp/src/driver/r_cgc/hw/hw_cgc.o
                0x000025dc                HW_CGC_LCDClockDisable
 .text.HW_CGC_LCDClockIsEnabled
                0x000025ec        0x8 ./synergy/ssp/src/driver/r_cgc/hw/hw_cgc.o
                0x000025ec                HW_CGC_LCDClockIsEnabled
 .text.HW_CGC_SDADCClockCfg
                0x000025f4       0x1c ./synergy/ssp/src/driver/r_cgc/hw/hw_cgc.o
                0x000025f4                HW_CGC_SDADCClockCfg
 .text.HW_CGC_SDADCClockEnable
                0x00002610       0x10 ./synergy/ssp/src/driver/r_cgc/hw/hw_cgc.o
                0x00002610                HW_CGC_SDADCClockEnable
 .text.HW_CGC_SDADCClockDisable
                0x00002620       0x10 ./synergy/ssp/src/driver/r_cgc/hw/hw_cgc.o
                0x00002620                HW_CGC_SDADCClockDisable
 .text.HW_CGC_SDADCClockIsEnabled
                0x00002630        0x8 ./synergy/ssp/src/driver/r_cgc/hw/hw_cgc.o
                0x00002630                HW_CGC_SDADCClockIsEnabled
 .text.HW_CGC_HocoWaitControlSet
                0x00002638       0x28 ./synergy/ssp/src/driver/r_cgc/hw/hw_cgc.o
                0x00002638                HW_CGC_HocoWaitControlSet
 .text.R_CGC_VersionGet
                0x00002660       0x14 ./synergy/ssp/src/driver/r_cgc/r_cgc.o
                0x00002660                R_CGC_VersionGet
 .text.R_CGC_Init
                0x00002674       0xb4 ./synergy/ssp/src/driver/r_cgc/r_cgc.o
                0x00002674                R_CGC_Init
 .text.R_CGC_SystemClockGet
                0x00002728       0x28 ./synergy/ssp/src/driver/r_cgc/r_cgc.o
                0x00002728                R_CGC_SystemClockGet
 .text.R_CGC_OscStopDetect
                0x00002750       0xe4 ./synergy/ssp/src/driver/r_cgc/r_cgc.o
                0x00002750                R_CGC_OscStopDetect
 .text.R_CGC_OscStopStatusClear
                0x00002834       0x50 ./synergy/ssp/src/driver/r_cgc/r_cgc.o
                0x00002834                R_CGC_OscStopStatusClear
 .text.R_CGC_BusClockOutCfg
                0x00002884       0x14 ./synergy/ssp/src/driver/r_cgc/r_cgc.o
                0x00002884                R_CGC_BusClockOutCfg
 .text.R_CGC_BusClockOutEnable
                0x00002898       0x14 ./synergy/ssp/src/driver/r_cgc/r_cgc.o
                0x00002898                R_CGC_BusClockOutEnable
 .text.R_CGC_BusClockOutDisable
                0x000028ac       0x14 ./synergy/ssp/src/driver/r_cgc/r_cgc.o
                0x000028ac                R_CGC_BusClockOutDisable
 .text.R_CGC_ClockOutCfg
                0x000028c0       0x18 ./synergy/ssp/src/driver/r_cgc/r_cgc.o
                0x000028c0                R_CGC_ClockOutCfg
 .text.R_CGC_ClockOutEnable
                0x000028d8       0x14 ./synergy/ssp/src/driver/r_cgc/r_cgc.o
                0x000028d8                R_CGC_ClockOutEnable
 .text.R_CGC_ClockOutDisable
                0x000028ec       0x14 ./synergy/ssp/src/driver/r_cgc/r_cgc.o
                0x000028ec                R_CGC_ClockOutDisable
 .text.R_CGC_ClockCheck
                0x00002900       0x70 ./synergy/ssp/src/driver/r_cgc/r_cgc.o
                0x00002900                R_CGC_ClockCheck
 .text.r_cgc_stabilization_wait
                0x00002970       0x30 ./synergy/ssp/src/driver/r_cgc/r_cgc.o
 .text.R_CGC_ClockStart
                0x000029a0      0x1a4 ./synergy/ssp/src/driver/r_cgc/r_cgc.o
                0x000029a0                R_CGC_ClockStart
 .text.R_CGC_ClockStop
                0x00002b44       0xc8 ./synergy/ssp/src/driver/r_cgc/r_cgc.o
                0x00002b44                R_CGC_ClockStop
 .text.r_cgc_clock_start_stop
                0x00002c0c       0x30 ./synergy/ssp/src/driver/r_cgc/r_cgc.o
 .text.R_CGC_SystemClockFreqGet
                0x00002c3c       0x34 ./synergy/ssp/src/driver/r_cgc/r_cgc.o
                0x00002c3c                R_CGC_SystemClockFreqGet
 .text.R_CGC_LCDClockEnable
                0x00002c70       0x50 ./synergy/ssp/src/driver/r_cgc/r_cgc.o
                0x00002c70                R_CGC_LCDClockEnable
 .text.R_CGC_LCDClockDisable
                0x00002cc0       0x50 ./synergy/ssp/src/driver/r_cgc/r_cgc.o
                0x00002cc0                R_CGC_LCDClockDisable
 .text.R_CGC_LCDClockCfg
                0x00002d10       0x80 ./synergy/ssp/src/driver/r_cgc/r_cgc.o
                0x00002d10                R_CGC_LCDClockCfg
 .text.R_CGC_SDADCClockEnable.part.8
                0x00002d90       0x1c ./synergy/ssp/src/driver/r_cgc/r_cgc.o
 .text.R_CGC_SDADCClockEnable
                0x00002dac       0x1c ./synergy/ssp/src/driver/r_cgc/r_cgc.o
                0x00002dac                R_CGC_SDADCClockEnable
 .text.R_CGC_SDADCClockDisable.part.9
                0x00002dc8       0x1c ./synergy/ssp/src/driver/r_cgc/r_cgc.o
 .text.R_CGC_SDADCClockDisable
                0x00002de4       0x1c ./synergy/ssp/src/driver/r_cgc/r_cgc.o
                0x00002de4                R_CGC_SDADCClockDisable
 .text.R_CGC_SDADCClockCfg
                0x00002e00       0x60 ./synergy/ssp/src/driver/r_cgc/r_cgc.o
                0x00002e00                R_CGC_SDADCClockCfg
 .text.R_CGC_SDRAMClockOutEnable
                0x00002e60       0x1c ./synergy/ssp/src/driver/r_cgc/r_cgc.o
                0x00002e60                R_CGC_SDRAMClockOutEnable
 .text.R_CGC_SDRAMClockOutDisable
                0x00002e7c       0x1c ./synergy/ssp/src/driver/r_cgc/r_cgc.o
                0x00002e7c                R_CGC_SDRAMClockOutDisable
 .text.R_CGC_USBClockCfg
                0x00002e98       0x20 ./synergy/ssp/src/driver/r_cgc/r_cgc.o
                0x00002e98                R_CGC_USBClockCfg
 .text.R_CGC_SystickUpdate.part.14
                0x00002eb8       0x44 ./synergy/ssp/src/driver/r_cgc/r_cgc.o
 .text.R_CGC_SystickUpdate
                0x00002efc        0xc ./synergy/ssp/src/driver/r_cgc/r_cgc.o
                0x00002efc                R_CGC_SystickUpdate
 .text.R_CGC_SystemClockSet
                0x00002f08      0x1d4 ./synergy/ssp/src/driver/r_cgc/r_cgc.o
                0x00002f08                R_CGC_SystemClockSet
 .text.R_CGC_ClocksCfg
                0x000030dc      0x16c ./synergy/ssp/src/driver/r_cgc/r_cgc.o
                0x000030dc                R_CGC_ClocksCfg
 .text.R_ADC_VersionGet
                0x00003248       0x14 ./synergy/ssp/src/driver/r_adc/r_adc.o
                0x00003248                R_ADC_VersionGet
 .text.R_ADC_OffsetSet
                0x0000325c        0x4 ./synergy/ssp/src/driver/r_adc/r_adc.o
                0x0000325c                R_ADC_OffsetSet
 .text.R_ADC_Calibrate
                0x00003260       0x48 ./synergy/ssp/src/driver/r_adc/r_adc.o
                0x00003260                R_ADC_Calibrate
 .text.R_ADC_ScanStart
                0x000032a8       0x48 ./synergy/ssp/src/driver/r_adc/r_adc.o
                0x000032a8                R_ADC_ScanStart
 .text.R_ADC_ScanStop
                0x000032f0       0x34 ./synergy/ssp/src/driver/r_adc/r_adc.o
                0x000032f0                R_ADC_ScanStop
 .text.R_ADC_CheckScanDone
                0x00003324       0x28 ./synergy/ssp/src/driver/r_adc/r_adc.o
                0x00003324                R_ADC_CheckScanDone
 .text.R_ADC_Read
                0x0000334c       0x60 ./synergy/ssp/src/driver/r_adc/r_adc.o
                0x0000334c                R_ADC_Read
 .text.R_ADC_Read32
                0x000033ac       0x34 ./synergy/ssp/src/driver/r_adc/r_adc.o
                0x000033ac                R_ADC_Read32
 .text.R_ADC_SetSampleStateCount
                0x000033e0       0x60 ./synergy/ssp/src/driver/r_adc/r_adc.o
                0x000033e0                R_ADC_SetSampleStateCount
 .text.R_ADC_InfoGet
                0x00003440       0xf8 ./synergy/ssp/src/driver/r_adc/r_adc.o
                0x00003440                R_ADC_InfoGet
 .text.r_adc_close_sub
                0x00003538       0x68 ./synergy/ssp/src/driver/r_adc/r_adc.o
 .text.R_ADC_Close
                0x000035a0      0x104 ./synergy/ssp/src/driver/r_adc/r_adc.o
                0x000035a0                R_ADC_Close
 .text.R_ADC_ScanConfigure
                0x000036a4      0x414 ./synergy/ssp/src/driver/r_adc/r_adc.o
                0x000036a4                R_ADC_ScanConfigure
 .text.R_ADC_Open
                0x00003ab8      0x490 ./synergy/ssp/src/driver/r_adc/r_adc.o
                0x00003ab8                R_ADC_Open
 .text.R_BSP_CacheOff
                0x00003f48       0x28 ./synergy/ssp/src/bsp/mcu/s7g2/bsp_cache.o
                0x00003f48                R_BSP_CacheOff
 .text.R_BSP_CacheSet
                0x00003f70       0x48 ./synergy/ssp/src/bsp/mcu/s7g2/bsp_cache.o
                0x00003f70                R_BSP_CacheSet
 .text.bsp_clock_init
                0x00003fb8       0x90 ./synergy/ssp/src/bsp/mcu/s7g2/bsp_clocks.o
                0x00003fb8                bsp_clock_init
 .text.bsp_cpu_clock_get
                0x00004048       0x20 ./synergy/ssp/src/bsp/mcu/s7g2/bsp_clocks.o
                0x00004048                bsp_cpu_clock_get
 .text.bsp_clock_set_callback
                0x00004068      0x124 ./synergy/ssp/src/bsp/mcu/s7g2/bsp_clocks.o
                0x00004068                bsp_clock_set_callback
 .text.R_BSP_FeatureAdcGet
                0x0000418c       0x30 ./synergy/ssp/src/bsp/mcu/s7g2/bsp_feature.o
                0x0000418c                R_BSP_FeatureAdcGet
 .text.R_BSP_FeatureIoportGet
                0x000041bc        0xc ./synergy/ssp/src/bsp/mcu/s7g2/bsp_feature.o
                0x000041bc                R_BSP_FeatureIoportGet
 .text.R_BSP_FeatureCgcGet
                0x000041c8        0xc ./synergy/ssp/src/bsp/mcu/s7g2/bsp_feature.o
                0x000041c8                R_BSP_FeatureCgcGet
 .text.bsp_group_interrupt_open
                0x000041d4       0x18 ./synergy/ssp/src/bsp/mcu/s7g2/bsp_group_irq.o
                0x000041d4                bsp_group_interrupt_open
 .text.R_BSP_GroupIrqWrite
                0x000041ec       0x10 ./synergy/ssp/src/bsp/mcu/s7g2/bsp_group_irq.o
                0x000041ec                R_BSP_GroupIrqWrite
 .text.NMI_Handler
                0x000041fc      0x1f4 ./synergy/ssp/src/bsp/mcu/s7g2/bsp_group_irq.o
                0x000041fc                NMI_Handler
 .text.r_bsp_module_start_stop
                0x000043f0       0xb4 ./synergy/ssp/src/bsp/mcu/s7g2/bsp_module_stop.o
 .text.R_BSP_ModuleStop
                0x000044a4        0x8 ./synergy/ssp/src/bsp/mcu/s7g2/bsp_module_stop.o
                0x000044a4                R_BSP_ModuleStop
 .text.R_BSP_ModuleStart
                0x000044ac        0x8 ./synergy/ssp/src/bsp/mcu/s7g2/bsp_module_stop.o
                0x000044ac                R_BSP_ModuleStart
 .text.software_delay_loop
                0x000044b4        0xc ./synergy/ssp/src/bsp/mcu/all/bsp_delay.o
 .text.R_BSP_SoftwareDelay
                0x000044c0       0x58 ./synergy/ssp/src/bsp/mcu/all/bsp_delay.o
                0x000044c0                R_BSP_SoftwareDelay
 .text.R_BSP_IrqStatusClear
                0x00004518       0x18 ./synergy/ssp/src/bsp/mcu/all/bsp_irq.o
                0x00004518                R_BSP_IrqStatusClear
 .text.bsp_irq_cfg
                0x00004530       0x40 ./synergy/ssp/src/bsp/mcu/all/bsp_irq.o
                0x00004530                bsp_irq_cfg
 .text.R_BSP_HardwareLock
                0x00004570       0x68 ./synergy/ssp/src/bsp/mcu/all/bsp_locking.o
                0x00004570                R_BSP_HardwareLock
 .text.R_BSP_HardwareUnlock
                0x000045d8       0x4c ./synergy/ssp/src/bsp/mcu/all/bsp_locking.o
                0x000045d8                R_BSP_HardwareUnlock
 .text.bsp_init_hardware_locks
                0x00004624       0x44 ./synergy/ssp/src/bsp/mcu/all/bsp_locking.o
                0x00004624                bsp_init_hardware_locks
 .text.R_BSP_RegisterProtectEnable
                0x00004668       0x60 ./synergy/ssp/src/bsp/mcu/all/bsp_register_protection.o
                0x00004668                R_BSP_RegisterProtectEnable
 .text.R_BSP_RegisterProtectDisable
                0x000046c8       0x50 ./synergy/ssp/src/bsp/mcu/all/bsp_register_protection.o
                0x000046c8                R_BSP_RegisterProtectDisable
 .text.bsp_register_protect_open
                0x00004718       0x10 ./synergy/ssp/src/bsp/mcu/all/bsp_register_protection.o
                0x00004718                bsp_register_protect_open
 .text.Default_Handler
                0x00004728        0x4 ./synergy/ssp/src/bsp/cmsis/Device/RENESAS/S7G2/Source/startup_S7G2.o
                0x00004728                HardFault_Handler
                0x00004728                UsageFault_Handler
                0x00004728                Default_Handler
                0x00004728                MemManage_Handler
                0x00004728                SVC_Handler
                0x00004728                BusFault_Handler
                0x00004728                DebugMon_Handler
 .text.Reset_Handler
                0x0000472c        0xc ./synergy/ssp/src/bsp/cmsis/Device/RENESAS/S7G2/Source/startup_S7G2.o
                0x0000472c                Reset_Handler
 .text.R_BSP_WarmStart
                0x00004738        0x4 ./synergy/ssp/src/bsp/cmsis/Device/RENESAS/S7G2/Source/system_S7G2.o
                0x00004738                R_BSP_WarmStart
 .text.SystemInit
                0x0000473c       0xe0 ./synergy/ssp/src/bsp/cmsis/Device/RENESAS/S7G2/Source/system_S7G2.o
                0x0000473c                SystemInit
 .text.bsp_init
                0x0000481c        0x4 ./synergy/board/s7g2_sk/bsp_init.o
                0x0000481c                bsp_init
 .text.bsp_qspi_xip_mode
                0x00004820       0x88 ./synergy/board/s7g2_sk/bsp_qspi.o
 .text.bsp_qspi_init
                0x000048a8      0x148 ./synergy/board/s7g2_sk/bsp_qspi.o
                0x000048a8                bsp_qspi_init
 .text.adc_thread_func
                0x000049f0       0x10 ./src/synergy_gen/adc_thread.o
 .text.adc_thread_create
                0x00004a00       0x84 ./src/synergy_gen/adc_thread.o
                0x00004a00                adc_thread_create
 .text.g_common_init
                0x00004a84        0x4 ./src/synergy_gen/common_data.o
                0x00004a84                g_common_init
 .text.g_hal_init
                0x00004a88        0x4 ./src/synergy_gen/hal_data.o
                0x00004a88                g_hal_init
 .text.tx_application_define_internal
                0x00004a8c        0x4 ./src/synergy_gen/main.o
                0x00004a8c                tx_application_define_user
                0x00004a8c                tx_application_define_internal
 .text.tx_startup_err_callback_internal
                0x00004a90        0x4 ./src/synergy_gen/main.o
                0x00004a90                tx_startup_err_callback_internal
                0x00004a90                tx_startup_err_callback
 .text.tx_application_define
                0x00004a94       0x44 ./src/synergy_gen/main.o
                0x00004a94                tx_application_define
 .text.tx_startup_common_init
                0x00004ad8       0x54 ./src/synergy_gen/main.o
                0x00004ad8                tx_startup_common_init
 .text.startup.main
                0x00004b2c        0xc ./src/synergy_gen/main.o
                0x00004b2c                main
 .text.pwm_thread_func
                0x00004b38       0x10 ./src/synergy_gen/pwm_thread.o
 .text.pwm_thread_create
                0x00004b48       0x84 ./src/synergy_gen/pwm_thread.o
                0x00004b48                pwm_thread_create
 .text.adc_thread_entry
                0x00004bcc       0x28 ./src/adc_thread_entry.o
                0x00004bcc                adc_thread_entry
 .text.Start_ADC
                0x00004bf4       0x24 ./src/adc_thread_handler.o
                0x00004bf4                Start_ADC
 .text.Send_Readings
                0x00004c18       0x20 ./src/adc_thread_handler.o
                0x00004c18                Send_Readings
 .text.Read_ADC
                0x00004c38        0xc ./src/adc_thread_handler.o
                0x00004c38                Read_ADC
 .text.pwm_thread_entry
                0x00004c44       0x20 ./src/pwm_thread_entry.o
                0x00004c44                pwm_thread_entry
 .text.Receive_Message
                0x00004c64       0x14 ./src/pwm_thread_handler.o
                0x00004c64                Receive_Message
 .text.Generate_Signal
                0x00004c78       0x60 ./src/pwm_thread_handler.o
                0x00004c78                Generate_Signal
 .text.Start_Timer
                0x00004cd8       0x10 ./src/pwm_thread_handler.o
                0x00004cd8                Start_Timer
 .text._txe_queue_create
                0x00004ce8       0xd0 C:\Users\SEI203\e2_studio\workspace\Proyecto_Integrador\synergy\ssp\src\framework\el\tx\cm4_gcc\libtx.a(txe_queue_create.o)
                0x00004ce8                _txe_queue_create
 .text._txe_queue_receive
                0x00004db8       0x40 C:\Users\SEI203\e2_studio\workspace\Proyecto_Integrador\synergy\ssp\src\framework\el\tx\cm4_gcc\libtx.a(txe_queue_receive.o)
                0x00004db8                _txe_queue_receive
 .text._txe_queue_send
                0x00004df8       0x40 C:\Users\SEI203\e2_studio\workspace\Proyecto_Integrador\synergy\ssp\src\framework\el\tx\cm4_gcc\libtx.a(txe_queue_send.o)
                0x00004df8                _txe_queue_send
 .text._txe_semaphore_create
                0x00004e38       0xa8 C:\Users\SEI203\e2_studio\workspace\Proyecto_Integrador\synergy\ssp\src\framework\el\tx\cm4_gcc\libtx.a(txe_semaphore_create.o)
                0x00004e38                _txe_semaphore_create
 .text._txe_semaphore_get
                0x00004ee0       0x2c C:\Users\SEI203\e2_studio\workspace\Proyecto_Integrador\synergy\ssp\src\framework\el\tx\cm4_gcc\libtx.a(txe_semaphore_get.o)
                0x00004ee0                _txe_semaphore_get
 .text._txe_semaphore_put
                0x00004f0c       0x18 C:\Users\SEI203\e2_studio\workspace\Proyecto_Integrador\synergy\ssp\src\framework\el\tx\cm4_gcc\libtx.a(txe_semaphore_put.o)
                0x00004f0c                _txe_semaphore_put
 .text._txe_thread_create
                0x00004f24      0x144 C:\Users\SEI203\e2_studio\workspace\Proyecto_Integrador\synergy\ssp\src\framework\el\tx\cm4_gcc\libtx.a(txe_thread_create.o)
                0x00004f24                _txe_thread_create
 .text._tx_initialize_high_level
                0x00005068       0x88 C:\Users\SEI203\e2_studio\workspace\Proyecto_Integrador\synergy\ssp\src\framework\el\tx\cm4_gcc\libtx.a(tx_initialize_high_level.o)
                0x00005068                _tx_initialize_high_level
 .text._tx_initialize_kernel_enter
                0x000050f0       0x48 C:\Users\SEI203\e2_studio\workspace\Proyecto_Integrador\synergy\ssp\src\framework\el\tx\cm4_gcc\libtx.a(tx_initialize_kernel_enter.o)
                0x000050f0                _tx_initialize_kernel_enter
 .text._tx_queue_create
                0x00005138       0x6c C:\Users\SEI203\e2_studio\workspace\Proyecto_Integrador\synergy\ssp\src\framework\el\tx\cm4_gcc\libtx.a(tx_queue_create.o)
                0x00005138                _tx_queue_create
 .text._tx_queue_receive
                0x000051a4      0x1f4 C:\Users\SEI203\e2_studio\workspace\Proyecto_Integrador\synergy\ssp\src\framework\el\tx\cm4_gcc\libtx.a(tx_queue_receive.o)
                0x000051a4                _tx_queue_receive
 .text._tx_queue_send
                0x00005398      0x12c C:\Users\SEI203\e2_studio\workspace\Proyecto_Integrador\synergy\ssp\src\framework\el\tx\cm4_gcc\libtx.a(tx_queue_send.o)
                0x00005398                _tx_queue_send
 .text._tx_semaphore_create
                0x000054c4       0x54 C:\Users\SEI203\e2_studio\workspace\Proyecto_Integrador\synergy\ssp\src\framework\el\tx\cm4_gcc\libtx.a(tx_semaphore_create.o)
                0x000054c4                _tx_semaphore_create
 .text._tx_semaphore_get
                0x00005518       0x8c C:\Users\SEI203\e2_studio\workspace\Proyecto_Integrador\synergy\ssp\src\framework\el\tx\cm4_gcc\libtx.a(tx_semaphore_get.o)
                0x00005518                _tx_semaphore_get
 .text._tx_semaphore_put
                0x000055a4       0x54 C:\Users\SEI203\e2_studio\workspace\Proyecto_Integrador\synergy\ssp\src\framework\el\tx\cm4_gcc\libtx.a(tx_semaphore_put.o)
                0x000055a4                _tx_semaphore_put
 .text._tx_thread_create
                0x000055f8      0x13c C:\Users\SEI203\e2_studio\workspace\Proyecto_Integrador\synergy\ssp\src\framework\el\tx\cm4_gcc\libtx.a(tx_thread_create.o)
                0x000055f8                _tx_thread_create
 .text._tx_thread_initialize
                0x00005734       0x68 C:\Users\SEI203\e2_studio\workspace\Proyecto_Integrador\synergy\ssp\src\framework\el\tx\cm4_gcc\libtx.a(tx_thread_initialize.o)
                0x00005734                _tx_thread_initialize
 .text._tx_thread_shell_entry
                0x0000579c       0x48 C:\Users\SEI203\e2_studio\workspace\Proyecto_Integrador\synergy\ssp\src\framework\el\tx\cm4_gcc\libtx.a(tx_thread_shell_entry.o)
                0x0000579c                _tx_thread_shell_entry
 .text._tx_thread_sleep
                0x000057e4       0x64 C:\Users\SEI203\e2_studio\workspace\Proyecto_Integrador\synergy\ssp\src\framework\el\tx\cm4_gcc\libtx.a(tx_thread_sleep.o)
                0x000057e4                _tx_thread_sleep
 .text._tx_thread_system_preempt_check
                0x00005848       0x3c C:\Users\SEI203\e2_studio\workspace\Proyecto_Integrador\synergy\ssp\src\framework\el\tx\cm4_gcc\libtx.a(tx_thread_system_preempt_check.o)
                0x00005848                _tx_thread_system_preempt_check
 .text._tx_thread_system_resume
                0x00005884       0xec C:\Users\SEI203\e2_studio\workspace\Proyecto_Integrador\synergy\ssp\src\framework\el\tx\cm4_gcc\libtx.a(tx_thread_system_resume.o)
                0x00005884                _tx_thread_system_resume
 .text._tx_thread_system_suspend
                0x00005970      0x104 C:\Users\SEI203\e2_studio\workspace\Proyecto_Integrador\synergy\ssp\src\framework\el\tx\cm4_gcc\libtx.a(tx_thread_system_suspend.o)
                0x00005970                _tx_thread_system_suspend
 .text._tx_thread_timeout
                0x00005a74       0x40 C:\Users\SEI203\e2_studio\workspace\Proyecto_Integrador\synergy\ssp\src\framework\el\tx\cm4_gcc\libtx.a(tx_thread_timeout.o)
                0x00005a74                _tx_thread_timeout
 .text._tx_timer_initialize
                0x00005ab4       0x7c C:\Users\SEI203\e2_studio\workspace\Proyecto_Integrador\synergy\ssp\src\framework\el\tx\cm4_gcc\libtx.a(tx_timer_initialize.o)
                0x00005ab4                _tx_timer_initialize
 .text._tx_timer_system_activate
                0x00005b30       0x54 C:\Users\SEI203\e2_studio\workspace\Proyecto_Integrador\synergy\ssp\src\framework\el\tx\cm4_gcc\libtx.a(tx_timer_system_activate.o)
                0x00005b30                _tx_timer_system_activate
 .text._tx_timer_system_deactivate
                0x00005b84       0x2c C:\Users\SEI203\e2_studio\workspace\Proyecto_Integrador\synergy\ssp\src\framework\el\tx\cm4_gcc\libtx.a(tx_timer_system_deactivate.o)
                0x00005b84                _tx_timer_system_deactivate
 .text._tx_initialize_low_level
                0x00005bb0       0x8c C:\Users\SEI203\e2_studio\workspace\Proyecto_Integrador\synergy\ssp\src\framework\el\tx\cm4_gcc\libtx.a(tx_initialize_low_level.o)
                0x00005bb0                _tx_initialize_low_level
 .text._tx_thread_schedule
                0x00005c3c       0x60 C:\Users\SEI203\e2_studio\workspace\Proyecto_Integrador\synergy\ssp\src\framework\el\tx\cm4_gcc\libtx.a(tx_thread_schedule.o)
                0x00005c3c                _tx_thread_schedule
 .text._tx_port_wait_thread_ready
                0x00005c9c       0xac C:\Users\SEI203\e2_studio\workspace\Proyecto_Integrador\synergy\ssp\src\framework\el\tx\cm4_gcc\libtx.a(tx_thread_schedule.o)
                0x00005c9c                _tx_port_wait_thread_ready
 .text.PendSV_Handler
                0x00005d48       0xb4 C:\Users\SEI203\e2_studio\workspace\Proyecto_Integrador\synergy\ssp\src\framework\el\tx\cm4_gcc\libtx.a(tx_thread_schedule.o)
                0x00005d48                PendSV_Handler
 .text.SysTick_Handler
                0x00005dfc        0x4 C:\Users\SEI203\e2_studio\workspace\Proyecto_Integrador\synergy\ssp\src\framework\el\tx\cm4_gcc\libtx.a(tx_thread_schedule.o)
                0x00005dfc                SysTick_Handler
 .text._tx_thread_stack_build
                0x00005e00       0x48 C:\Users\SEI203\e2_studio\workspace\Proyecto_Integrador\synergy\ssp\src\framework\el\tx\cm4_gcc\libtx.a(tx_thread_stack_build.o)
                0x00005e00                _tx_thread_stack_build
 .text._tx_timer_interrupt
                0x00005e48       0xd4 C:\Users\SEI203\e2_studio\workspace\Proyecto_Integrador\synergy\ssp\src\framework\el\tx\cm4_gcc\libtx.a(tx_timer_interrupt.o)
                0x00005e48                _tx_timer_interrupt
 .text._tx_queue_cleanup
                0x00005f1c       0x8c C:\Users\SEI203\e2_studio\workspace\Proyecto_Integrador\synergy\ssp\src\framework\el\tx\cm4_gcc\libtx.a(tx_queue_cleanup.o)
                0x00005f1c                _tx_queue_cleanup
 .text._tx_semaphore_cleanup
                0x00005fa8       0x80 C:\Users\SEI203\e2_studio\workspace\Proyecto_Integrador\synergy\ssp\src\framework\el\tx\cm4_gcc\libtx.a(tx_semaphore_cleanup.o)
                0x00005fa8                _tx_semaphore_cleanup
 .text._tx_thread_time_slice
                0x00006028       0x74 C:\Users\SEI203\e2_studio\workspace\Proyecto_Integrador\synergy\ssp\src\framework\el\tx\cm4_gcc\libtx.a(tx_thread_time_slice.o)
                0x00006028                _tx_thread_time_slice
 .text._tx_timer_expiration_process
                0x0000609c      0x10c C:\Users\SEI203\e2_studio\workspace\Proyecto_Integrador\synergy\ssp\src\framework\el\tx\cm4_gcc\libtx.a(tx_timer_expiration_process.o)
                0x0000609c                _tx_timer_expiration_process
 .text          0x000061a8       0x30 c:/program files (x86)/gnu tools arm embedded/4.9 2015q3/bin/../lib/gcc/arm-none-eabi/4.9.3/armv7e-m/fpu\libgcc.a(_aeabi_uldivmod.o)
                0x000061a8                __aeabi_uldivmod
 .text          0x000061d8       0x60 c:/program files (x86)/gnu tools arm embedded/4.9 2015q3/bin/../lib/gcc/arm-none-eabi/4.9.3/armv7e-m/fpu\libgcc.a(bpabi.o)
                0x000061d8                __gnu_ldivmod_helper
                0x00006208                __gnu_uldivmod_helper
 .text          0x00006238        0x4 c:/program files (x86)/gnu tools arm embedded/4.9 2015q3/bin/../lib/gcc/arm-none-eabi/4.9.3/armv7e-m/fpu\libgcc.a(_dvmd_tls.o)
                0x00006238                __aeabi_idiv0
                0x00006238                __aeabi_ldiv0
 .text          0x0000623c      0x29c c:/program files (x86)/gnu tools arm embedded/4.9 2015q3/bin/../lib/gcc/arm-none-eabi/4.9.3/armv7e-m/fpu\libgcc.a(_divdi3.o)
                0x0000623c                __divdi3
 .text          0x000064d8      0x26c c:/program files (x86)/gnu tools arm embedded/4.9 2015q3/bin/../lib/gcc/arm-none-eabi/4.9.3/armv7e-m/fpu\libgcc.a(_udivdi3.o)
                0x000064d8                __udivdi3
 .text.memset   0x00006744       0x10 c:/program files (x86)/gnu tools arm embedded/4.9 2015q3/bin/../lib/gcc/arm-none-eabi/4.9.3/../../../../arm-none-eabi/lib/armv7e-m/fpu\libg_nano.a(lib_a-memset.o)
                0x00006744                memset
 *(.version)
 .version       0x00006754       0x60 ./synergy/ssp/src/bsp/mcu/all/bsp_common.o
 *(.init)
 .init          0x000067b4        0x4 c:/program files (x86)/gnu tools arm embedded/4.9 2015q3/bin/../lib/gcc/arm-none-eabi/4.9.3/armv7e-m/fpu/crti.o
                0x000067b4                _init
 .init          0x000067b8        0x8 c:/program files (x86)/gnu tools arm embedded/4.9 2015q3/bin/../lib/gcc/arm-none-eabi/4.9.3/armv7e-m/fpu/crtn.o
 *(.fini)
 .fini          0x000067c0        0x4 c:/program files (x86)/gnu tools arm embedded/4.9 2015q3/bin/../lib/gcc/arm-none-eabi/4.9.3/armv7e-m/fpu/crti.o
                0x000067c0                _fini
 .fini          0x000067c4        0x8 c:/program files (x86)/gnu tools arm embedded/4.9 2015q3/bin/../lib/gcc/arm-none-eabi/4.9.3/armv7e-m/fpu/crtn.o
 *crtbegin.o(.ctors)
 *crtbegin?.o(.ctors)
 *(EXCLUDE_FILE(*crtend.o *crtend?.o) .ctors)
 *(SORT(.ctors.*))
 *(.ctors)
 *crtbegin.o(.dtors)
 *crtbegin?.o(.dtors)
 *(EXCLUDE_FILE(*crtend.o *crtend?.o) .dtors)
 *(SORT(.dtors.*))
 *(.dtors)
 *(.rodata*)
 .rodata.g_ioport_on_ioport
                0x000067cc       0x3c ./synergy/ssp/src/driver/r_ioport/r_ioport.o
                0x000067cc                g_ioport_on_ioport
 .rodata.g_vbatt_pins_input
                0x00006808        0x6 ./synergy/ssp/src/driver/r_ioport/r_ioport.o
 *fill*         0x0000680e        0x2 ff
 .rodata.g_timer_on_gpt
                0x00006810       0x28 ./synergy/ssp/src/driver/r_gpt/r_gpt.o
                0x00006810                g_timer_on_gpt
 .rodata.g_gpt_version
                0x00006838        0x4 ./synergy/ssp/src/driver/r_gpt/r_gpt.o
 .rodata.bit_count_mask
                0x0000683c        0x8 ./synergy/ssp/src/driver/r_fmi/r_fmi.o
 .rodata.bit_count
                0x00006844       0x80 ./synergy/ssp/src/driver/r_fmi/r_fmi.o
 .rodata.g_fmi_on_fmi
                0x000068c4       0x18 ./synergy/ssp/src/driver/r_fmi/r_fmi.o
                0x000068c4                g_fmi_on_fmi
 .rodata.g_fmi_version
                0x000068dc        0x4 ./synergy/ssp/src/driver/r_fmi/r_fmi.o
 .rodata.g_elc_on_elc
                0x000068e0       0x1c ./synergy/ssp/src/driver/r_elc/r_elc.o
                0x000068e0                g_elc_on_elc
 .rodata.s_elc_version
                0x000068fc        0x4 ./synergy/ssp/src/driver/r_elc/r_elc.o
 .rodata.g_pllccr2_div_value
                0x00006900        0x6 ./synergy/ssp/src/driver/r_cgc/hw/hw_cgc.o
 *fill*         0x00006906        0x2 ff
 .rodata.g_pllccr_div_value
                0x00006908        0x6 ./synergy/ssp/src/driver/r_cgc/hw/hw_cgc.o
 *fill*         0x0000690e        0x2 ff
 .rodata.g_pllccr_div_setting
                0x00006910        0x6 ./synergy/ssp/src/driver/r_cgc/hw/hw_cgc.o
 *fill*         0x00006916        0x2 ff
 .rodata.g_pllccr2_div_setting
                0x00006918        0x8 ./synergy/ssp/src/driver/r_cgc/hw/hw_cgc.o
 .rodata.g_cgc_on_cgc
                0x00006920       0x6c ./synergy/ssp/src/driver/r_cgc/r_cgc.o
                0x00006920                g_cgc_on_cgc
 .rodata.g_lcd_clock_settings
                0x0000698c        0x6 ./synergy/ssp/src/driver/r_cgc/r_cgc.o
 *fill*         0x00006992        0x2 ff
 .rodata.g_cgc_version
                0x00006994        0x4 ./synergy/ssp/src/driver/r_cgc/r_cgc.o
 .rodata.g_adc_on_adc
                0x00006998       0x34 ./synergy/ssp/src/driver/r_adc/r_adc.o
                0x00006998                g_adc_on_adc
 .rodata.s_adc_version
                0x000069cc        0x4 ./synergy/ssp/src/driver/r_adc/r_adc.o
 .rodata.g_cgc_feature
                0x000069d0       0x2c ./synergy/ssp/src/bsp/mcu/s7g2/bsp_feature.o
 .rodata.g_fmi_data
                0x000069fc      0x400 ./synergy/ssp/src/bsp/mcu/s7g2/bsp_fmi_R7FS7G27H3A01CFC.o
                0x000069fc                g_fmi_data
 .rodata.gp_mstp
                0x00006dfc       0x10 ./synergy/ssp/src/bsp/mcu/s7g2/bsp_module_stop.o
 .rodata.g_bsp_module_stop
                0x00006e0c       0x46 ./synergy/ssp/src/bsp/mcu/s7g2/bsp_module_stop.o
 *fill*         0x00006e52        0x2 ff
 .rodata.gp_vector_information
                0x00006e54        0x4 ./synergy/ssp/src/bsp/mcu/all/bsp_irq.o
                0x00006e54                gp_vector_information
 .rodata.g_prcr_masks
                0x00006e58        0x6 ./synergy/ssp/src/bsp/mcu/all/bsp_register_protection.o
 *fill*         0x00006e5e        0x2 ff
 .rodata.g_elc_cfg
                0x00006e60        0xc ./synergy/ssp/src/bsp/cmsis/Device/RENESAS/S7G2/Source/system_S7G2.o
 .rodata.adc_obj_channel_cfg
                0x00006e6c       0x14 ./src/synergy_gen/adc_thread.o
                0x00006e6c                adc_obj_channel_cfg
 .rodata.adc_obj
                0x00006e80       0x10 ./src/synergy_gen/adc_thread.o
                0x00006e80                adc_obj
 .rodata.adc_obj_cfg
                0x00006e90       0x1c ./src/synergy_gen/adc_thread.o
                0x00006e90                adc_obj_cfg
 .rodata.str1.4
                0x00006eac       0x17 ./src/synergy_gen/adc_thread.o
 *fill*         0x00006ec3        0x1 ff
 .rodata.str1.4
                0x00006ec4       0x14 ./src/synergy_gen/main.o
 .rodata.g_bsp_pin_cfg
                0x00006ed8        0x8 ./src/synergy_gen/pin_data.o
                0x00006ed8                g_bsp_pin_cfg
 .rodata.g_bsp_pin_cfg_data
                0x00006ee0      0x338 ./src/synergy_gen/pin_data.o
                0x00006ee0                g_bsp_pin_cfg_data
 .rodata.pwm_timer
                0x00007218        0xc ./src/synergy_gen/pwm_thread.o
                0x00007218                pwm_timer
 .rodata.str1.4
                0x00007224       0x18 ./src/synergy_gen/pwm_thread.o
                                 0x17 (size before relaxing)
 .rodata.pwm_timer_extend
                0x0000723c        0x4 ./src/synergy_gen/pwm_thread.o
 .rodata.pwm_timer_cfg
                0x00007240       0x20 ./src/synergy_gen/pwm_thread.o
 .rodata.g_vfp_offset
                0x00007260        0x4 C:\Users\SEI203\e2_studio\workspace\Proyecto_Integrador\synergy\ssp\src\framework\el\tx\cm4_gcc\libtx.a(tx_thread_schedule.o)
                0x00007260                g_vfp_offset
                0x00007264                __usb_dev_descriptor_start_fs = .
 *(.usb_device_desc_fs*)
                0x00007264                __usb_cfg_descriptor_start_fs = .
 *(.usb_config_desc_fs*)
                0x00007264                __usb_interface_descriptor_start_fs = .
 *(.usb_interface_desc_fs*)
                0x00007264                __usb_descriptor_end_fs = .
                0x00007264                __usb_dev_descriptor_start_hs = .
 *(.usb_device_desc_hs*)
                0x00007264                __usb_cfg_descriptor_start_hs = .
 *(.usb_config_desc_hs*)
                0x00007264                __usb_interface_descriptor_start_hs = .
 *(.usb_interface_desc_hs*)
                0x00007264                __usb_descriptor_end_hs = .
 *(.eh_frame*)
 .eh_frame      0x00007264        0x0 c:/program files (x86)/gnu tools arm embedded/4.9 2015q3/bin/../lib/gcc/arm-none-eabi/4.9.3/armv7e-m/fpu/crtbegin.o
 .eh_frame      0x00007264        0x4 c:/program files (x86)/gnu tools arm embedded/4.9 2015q3/bin/../lib/gcc/arm-none-eabi/4.9.3/armv7e-m/fpu/crtend.o
                0x00007268                __ROM_End = .
                0x00000040                __Vectors_Size = (__Vectors_End - __Vectors)
                0x00000000                __Vector_Info_Size = (__Vector_Info_End - __Vector_Info_Start)
                0x000001b0                __Lock_Lookup_Size = (__Lock_Lookup_End - __Lock_Lookup_Start)

.glue_7         0x00007268        0x0
 .glue_7        0x00000000        0x0 linker stubs

.glue_7t        0x00007268        0x0
 .glue_7t       0x00000000        0x0 linker stubs

.vfp11_veneer   0x00007268        0x0
 .vfp11_veneer  0x00000000        0x0 linker stubs

.v4_bx          0x00007268        0x0
 .v4_bx         0x00000000        0x0 linker stubs

.iplt           0x00007268        0x0
 .iplt          0x00000000        0x0 c:/program files (x86)/gnu tools arm embedded/4.9 2015q3/bin/../lib/gcc/arm-none-eabi/4.9.3/armv7e-m/fpu/crtbegin.o

.ARM.extab
 *(.ARM.extab* .gnu.linkonce.armextab.*)
                0x00007268                __exidx_start = .

.ARM.exidx      0x00007268        0x8
 *(.ARM.exidx* .gnu.linkonce.armexidx.*)
 .ARM.exidx     0x00007268        0x8 c:/program files (x86)/gnu tools arm embedded/4.9 2015q3/bin/../lib/gcc/arm-none-eabi/4.9.3/armv7e-m/fpu\libgcc.a(_divdi3.o)
 .ARM.exidx     0x00007270        0x0 c:/program files (x86)/gnu tools arm embedded/4.9 2015q3/bin/../lib/gcc/arm-none-eabi/4.9.3/armv7e-m/fpu\libgcc.a(_udivdi3.o)
                                  0x8 (size before relaxing)
                0x00007270                __exidx_end = .
                0x00007270                __etext = .

.ssp_dtc_vector_table
                0x1ffe0000        0x0
                0x1ffe0000                . = ORIGIN (RAM)
 *(.ssp_dtc_vector_table)

.data           0x1ffe0000       0x80 load address 0x00007270
                0x1ffe0000                __data_start__ = .
 *(vtable)
 *(.data.*)
 .data.duty_cycle
                0x1ffe0000        0x2 ./src/pwm_thread_handler.o
                0x1ffe0000                duty_cycle
 *fill*         0x1ffe0002        0x2 
 .data._tx_thread_system_state
                0x1ffe0004        0x4 C:\Users\SEI203\e2_studio\workspace\Proyecto_Integrador\synergy\ssp\src\framework\el\tx\cm4_gcc\libtx.a(tx_thread_initialize.o)
                0x1ffe0004                _tx_thread_system_state
                0x1ffe0008                . = ALIGN (0x4)
                0x1ffe0008                PROVIDE (__preinit_array_start, .)
 *(.preinit_array)
                0x1ffe0008                PROVIDE (__preinit_array_end, .)
                0x1ffe0008                . = ALIGN (0x4)
                0x1ffe0008                PROVIDE (__init_array_start, .)
 *(SORT(.init_array.*))
 *(.init_array)
 .init_array    0x1ffe0008        0x4 c:/program files (x86)/gnu tools arm embedded/4.9 2015q3/bin/../lib/gcc/arm-none-eabi/4.9.3/armv7e-m/fpu/crtbegin.o
                0x1ffe000c                PROVIDE (__init_array_end, .)
                0x1ffe000c                . = ALIGN (0x4)
                0x1ffe000c                PROVIDE (__fini_array_start, .)
 *(SORT(.fini_array.*))
 *(.fini_array)
 .fini_array    0x1ffe000c        0x4 c:/program files (x86)/gnu tools arm embedded/4.9 2015q3/bin/../lib/gcc/arm-none-eabi/4.9.3/armv7e-m/fpu/crtbegin.o
                0x1ffe0010                PROVIDE (__fini_array_end, .)
 *(.jcr*)
 .jcr           0x1ffe0010        0x0 c:/program files (x86)/gnu tools arm embedded/4.9 2015q3/bin/../lib/gcc/arm-none-eabi/4.9.3/armv7e-m/fpu/crtbegin.o
 .jcr           0x1ffe0010        0x4 c:/program files (x86)/gnu tools arm embedded/4.9 2015q3/bin/../lib/gcc/arm-none-eabi/4.9.3/armv7e-m/fpu/crtend.o
                0x1ffe0014                . = ALIGN (0x4)
                0x1ffe0014                __Code_In_RAM_Start = .
 *(.code_in_ram*)
                0x1ffe0014                __Code_In_RAM_End = .
                0x1ffe0014                __Lock_Start = .
 *(SORT(.hw_lock*))
 .hw_lock.ADC_0U_0U
                0x1ffe0014        0x1 ./synergy/ssp/src/bsp/mcu/s7g2/bsp_hw_locks.o
                0x1ffe0014                g_hw_lock_ADC_0U_0U
 .hw_lock.ADC_0U_1U
                0x1ffe0015        0x1 ./synergy/ssp/src/bsp/mcu/s7g2/bsp_hw_locks.o
                0x1ffe0015                g_hw_lock_ADC_0U_1U
 .hw_lock.AGT_0U_0U
                0x1ffe0016        0x1 ./synergy/ssp/src/bsp/mcu/s7g2/bsp_hw_locks.o
                0x1ffe0016                g_hw_lock_AGT_0U_0U
 .hw_lock.AGT_0U_1U
                0x1ffe0017        0x1 ./synergy/ssp/src/bsp/mcu/s7g2/bsp_hw_locks.o
                0x1ffe0017                g_hw_lock_AGT_0U_1U
 .hw_lock.BSC_0U_1U
                0x1ffe0018        0x1 ./synergy/ssp/src/bsp/mcu/s7g2/bsp_hw_locks.o
                0x1ffe0018                g_hw_lock_BSC_0U_1U
 .hw_lock.CAC_0U_0U
                0x1ffe0019        0x1 ./synergy/ssp/src/bsp/mcu/s7g2/bsp_hw_locks.o
                0x1ffe0019                g_hw_lock_CAC_0U_0U
 .hw_lock.CAN_0U_0U
                0x1ffe001a        0x1 ./synergy/ssp/src/bsp/mcu/s7g2/bsp_hw_locks.o
                0x1ffe001a                g_hw_lock_CAN_0U_0U
 .hw_lock.CAN_0U_1U
                0x1ffe001b        0x1 ./synergy/ssp/src/bsp/mcu/s7g2/bsp_hw_locks.o
                0x1ffe001b                g_hw_lock_CAN_0U_1U
 .hw_lock.COMP_HS_0U_0U
                0x1ffe001c        0x1 ./synergy/ssp/src/bsp/mcu/s7g2/bsp_hw_locks.o
                0x1ffe001c                g_hw_lock_COMP_HS_0U_0U
 .hw_lock.COMP_HS_0U_1U
                0x1ffe001d        0x1 ./synergy/ssp/src/bsp/mcu/s7g2/bsp_hw_locks.o
                0x1ffe001d                g_hw_lock_COMP_HS_0U_1U
 .hw_lock.COMP_HS_0U_2U
                0x1ffe001e        0x1 ./synergy/ssp/src/bsp/mcu/s7g2/bsp_hw_locks.o
                0x1ffe001e                g_hw_lock_COMP_HS_0U_2U
 .hw_lock.COMP_HS_0U_3U
                0x1ffe001f        0x1 ./synergy/ssp/src/bsp/mcu/s7g2/bsp_hw_locks.o
                0x1ffe001f                g_hw_lock_COMP_HS_0U_3U
 .hw_lock.COMP_HS_0U_4U
                0x1ffe0020        0x1 ./synergy/ssp/src/bsp/mcu/s7g2/bsp_hw_locks.o
                0x1ffe0020                g_hw_lock_COMP_HS_0U_4U
 .hw_lock.COMP_HS_0U_5U
                0x1ffe0021        0x1 ./synergy/ssp/src/bsp/mcu/s7g2/bsp_hw_locks.o
                0x1ffe0021                g_hw_lock_COMP_HS_0U_5U
 .hw_lock.CRC_0U_0U
                0x1ffe0022        0x1 ./synergy/ssp/src/bsp/mcu/s7g2/bsp_hw_locks.o
                0x1ffe0022                g_hw_lock_CRC_0U_0U
 .hw_lock.CTSU_0U_0U
                0x1ffe0023        0x1 ./synergy/ssp/src/bsp/mcu/s7g2/bsp_hw_locks.o
                0x1ffe0023                g_hw_lock_CTSU_0U_0U
 .hw_lock.DAAD_0U_0U
                0x1ffe0024        0x1 ./synergy/ssp/src/bsp/mcu/s7g2/bsp_hw_locks.o
                0x1ffe0024                g_hw_lock_DAAD_0U_0U
 .hw_lock.DAC_0U_0U
                0x1ffe0025        0x1 ./synergy/ssp/src/bsp/mcu/s7g2/bsp_hw_locks.o
                0x1ffe0025                g_hw_lock_DAC_0U_0U
 .hw_lock.DAC_0U_1U
                0x1ffe0026        0x1 ./synergy/ssp/src/bsp/mcu/s7g2/bsp_hw_locks.o
                0x1ffe0026                g_hw_lock_DAC_0U_1U
 .hw_lock.DMAC_0U_0U
                0x1ffe0027        0x1 ./synergy/ssp/src/bsp/mcu/s7g2/bsp_hw_locks.o
                0x1ffe0027                g_hw_lock_DMAC_0U_0U
 .hw_lock.DMAC_0U_1U
                0x1ffe0028        0x1 ./synergy/ssp/src/bsp/mcu/s7g2/bsp_hw_locks.o
                0x1ffe0028                g_hw_lock_DMAC_0U_1U
 .hw_lock.DMAC_0U_2U
                0x1ffe0029        0x1 ./synergy/ssp/src/bsp/mcu/s7g2/bsp_hw_locks.o
                0x1ffe0029                g_hw_lock_DMAC_0U_2U
 .hw_lock.DMAC_0U_3U
                0x1ffe002a        0x1 ./synergy/ssp/src/bsp/mcu/s7g2/bsp_hw_locks.o
                0x1ffe002a                g_hw_lock_DMAC_0U_3U
 .hw_lock.DMAC_0U_4U
                0x1ffe002b        0x1 ./synergy/ssp/src/bsp/mcu/s7g2/bsp_hw_locks.o
                0x1ffe002b                g_hw_lock_DMAC_0U_4U
 .hw_lock.DMAC_0U_5U
                0x1ffe002c        0x1 ./synergy/ssp/src/bsp/mcu/s7g2/bsp_hw_locks.o
                0x1ffe002c                g_hw_lock_DMAC_0U_5U
 .hw_lock.DMAC_0U_6U
                0x1ffe002d        0x1 ./synergy/ssp/src/bsp/mcu/s7g2/bsp_hw_locks.o
                0x1ffe002d                g_hw_lock_DMAC_0U_6U
 .hw_lock.DMAC_0U_7U
                0x1ffe002e        0x1 ./synergy/ssp/src/bsp/mcu/s7g2/bsp_hw_locks.o
                0x1ffe002e                g_hw_lock_DMAC_0U_7U
 .hw_lock.DOC_0U_0U
                0x1ffe002f        0x1 ./synergy/ssp/src/bsp/mcu/s7g2/bsp_hw_locks.o
                0x1ffe002f                g_hw_lock_DOC_0U_0U
 .hw_lock.DRW_0U_0U
                0x1ffe0030        0x1 ./synergy/ssp/src/bsp/mcu/s7g2/bsp_hw_locks.o
                0x1ffe0030                g_hw_lock_DRW_0U_0U
 .hw_lock.DTC_0U_0U
                0x1ffe0031        0x1 ./synergy/ssp/src/bsp/mcu/s7g2/bsp_hw_locks.o
                0x1ffe0031                g_hw_lock_DTC_0U_0U
 .hw_lock.ELC_0U_0U
                0x1ffe0032        0x1 ./synergy/ssp/src/bsp/mcu/s7g2/bsp_hw_locks.o
                0x1ffe0032                g_hw_lock_ELC_0U_0U
 .hw_lock.EPTPC_0U_0U
                0x1ffe0033        0x1 ./synergy/ssp/src/bsp/mcu/s7g2/bsp_hw_locks.o
                0x1ffe0033                g_hw_lock_EPTPC_0U_0U
 .hw_lock.ETHER_0U_0U
                0x1ffe0034        0x1 ./synergy/ssp/src/bsp/mcu/s7g2/bsp_hw_locks.o
                0x1ffe0034                g_hw_lock_ETHER_0U_0U
 .hw_lock.ETHER_0U_1U
                0x1ffe0035        0x1 ./synergy/ssp/src/bsp/mcu/s7g2/bsp_hw_locks.o
                0x1ffe0035                g_hw_lock_ETHER_0U_1U
 .hw_lock.FCU_0U_0U
                0x1ffe0036        0x1 ./synergy/ssp/src/bsp/mcu/s7g2/bsp_hw_locks.o
                0x1ffe0036                g_hw_lock_FCU_0U_0U
 .hw_lock.GLCDC_0U_0U
                0x1ffe0037        0x1 ./synergy/ssp/src/bsp/mcu/s7g2/bsp_hw_locks.o
                0x1ffe0037                g_hw_lock_GLCDC_0U_0U
 .hw_lock.GPT_0U_0U
                0x1ffe0038        0x1 ./synergy/ssp/src/bsp/mcu/s7g2/bsp_hw_locks.o
                0x1ffe0038                g_hw_lock_GPT_0U_0U
 .hw_lock.GPT_0U_10U
                0x1ffe0039        0x1 ./synergy/ssp/src/bsp/mcu/s7g2/bsp_hw_locks.o
                0x1ffe0039                g_hw_lock_GPT_0U_10U
 .hw_lock.GPT_0U_11U
                0x1ffe003a        0x1 ./synergy/ssp/src/bsp/mcu/s7g2/bsp_hw_locks.o
                0x1ffe003a                g_hw_lock_GPT_0U_11U
 .hw_lock.GPT_0U_12U
                0x1ffe003b        0x1 ./synergy/ssp/src/bsp/mcu/s7g2/bsp_hw_locks.o
                0x1ffe003b                g_hw_lock_GPT_0U_12U
 .hw_lock.GPT_0U_13U
                0x1ffe003c        0x1 ./synergy/ssp/src/bsp/mcu/s7g2/bsp_hw_locks.o
                0x1ffe003c                g_hw_lock_GPT_0U_13U
 .hw_lock.GPT_0U_1U
                0x1ffe003d        0x1 ./synergy/ssp/src/bsp/mcu/s7g2/bsp_hw_locks.o
                0x1ffe003d                g_hw_lock_GPT_0U_1U
 .hw_lock.GPT_0U_2U
                0x1ffe003e        0x1 ./synergy/ssp/src/bsp/mcu/s7g2/bsp_hw_locks.o
                0x1ffe003e                g_hw_lock_GPT_0U_2U
 .hw_lock.GPT_0U_3U
                0x1ffe003f        0x1 ./synergy/ssp/src/bsp/mcu/s7g2/bsp_hw_locks.o
                0x1ffe003f                g_hw_lock_GPT_0U_3U
 .hw_lock.GPT_0U_4U
                0x1ffe0040        0x1 ./synergy/ssp/src/bsp/mcu/s7g2/bsp_hw_locks.o
                0x1ffe0040                g_hw_lock_GPT_0U_4U
 .hw_lock.GPT_0U_5U
                0x1ffe0041        0x1 ./synergy/ssp/src/bsp/mcu/s7g2/bsp_hw_locks.o
                0x1ffe0041                g_hw_lock_GPT_0U_5U
 .hw_lock.GPT_0U_6U
                0x1ffe0042        0x1 ./synergy/ssp/src/bsp/mcu/s7g2/bsp_hw_locks.o
                0x1ffe0042                g_hw_lock_GPT_0U_6U
 .hw_lock.GPT_0U_7U
                0x1ffe0043        0x1 ./synergy/ssp/src/bsp/mcu/s7g2/bsp_hw_locks.o
                0x1ffe0043                g_hw_lock_GPT_0U_7U
 .hw_lock.GPT_0U_8U
                0x1ffe0044        0x1 ./synergy/ssp/src/bsp/mcu/s7g2/bsp_hw_locks.o
                0x1ffe0044                g_hw_lock_GPT_0U_8U
 .hw_lock.GPT_0U_9U
                0x1ffe0045        0x1 ./synergy/ssp/src/bsp/mcu/s7g2/bsp_hw_locks.o
                0x1ffe0045                g_hw_lock_GPT_0U_9U
 .hw_lock.ICU_0U_0U
                0x1ffe0046        0x1 ./synergy/ssp/src/bsp/mcu/s7g2/bsp_hw_locks.o
                0x1ffe0046                g_hw_lock_ICU_0U_0U
 .hw_lock.ICU_0U_10U
                0x1ffe0047        0x1 ./synergy/ssp/src/bsp/mcu/s7g2/bsp_hw_locks.o
                0x1ffe0047                g_hw_lock_ICU_0U_10U
 .hw_lock.ICU_0U_11U
                0x1ffe0048        0x1 ./synergy/ssp/src/bsp/mcu/s7g2/bsp_hw_locks.o
                0x1ffe0048                g_hw_lock_ICU_0U_11U
 .hw_lock.ICU_0U_12U
                0x1ffe0049        0x1 ./synergy/ssp/src/bsp/mcu/s7g2/bsp_hw_locks.o
                0x1ffe0049                g_hw_lock_ICU_0U_12U
 .hw_lock.ICU_0U_13U
                0x1ffe004a        0x1 ./synergy/ssp/src/bsp/mcu/s7g2/bsp_hw_locks.o
                0x1ffe004a                g_hw_lock_ICU_0U_13U
 .hw_lock.ICU_0U_14U
                0x1ffe004b        0x1 ./synergy/ssp/src/bsp/mcu/s7g2/bsp_hw_locks.o
                0x1ffe004b                g_hw_lock_ICU_0U_14U
 .hw_lock.ICU_0U_15U
                0x1ffe004c        0x1 ./synergy/ssp/src/bsp/mcu/s7g2/bsp_hw_locks.o
                0x1ffe004c                g_hw_lock_ICU_0U_15U
 .hw_lock.ICU_0U_1U
                0x1ffe004d        0x1 ./synergy/ssp/src/bsp/mcu/s7g2/bsp_hw_locks.o
                0x1ffe004d                g_hw_lock_ICU_0U_1U
 .hw_lock.ICU_0U_2U
                0x1ffe004e        0x1 ./synergy/ssp/src/bsp/mcu/s7g2/bsp_hw_locks.o
                0x1ffe004e                g_hw_lock_ICU_0U_2U
 .hw_lock.ICU_0U_3U
                0x1ffe004f        0x1 ./synergy/ssp/src/bsp/mcu/s7g2/bsp_hw_locks.o
                0x1ffe004f                g_hw_lock_ICU_0U_3U
 .hw_lock.ICU_0U_4U
                0x1ffe0050        0x1 ./synergy/ssp/src/bsp/mcu/s7g2/bsp_hw_locks.o
                0x1ffe0050                g_hw_lock_ICU_0U_4U
 .hw_lock.ICU_0U_5U
                0x1ffe0051        0x1 ./synergy/ssp/src/bsp/mcu/s7g2/bsp_hw_locks.o
                0x1ffe0051                g_hw_lock_ICU_0U_5U
 .hw_lock.ICU_0U_6U
                0x1ffe0052        0x1 ./synergy/ssp/src/bsp/mcu/s7g2/bsp_hw_locks.o
                0x1ffe0052                g_hw_lock_ICU_0U_6U
 .hw_lock.ICU_0U_7U
                0x1ffe0053        0x1 ./synergy/ssp/src/bsp/mcu/s7g2/bsp_hw_locks.o
                0x1ffe0053                g_hw_lock_ICU_0U_7U
 .hw_lock.ICU_0U_8U
                0x1ffe0054        0x1 ./synergy/ssp/src/bsp/mcu/s7g2/bsp_hw_locks.o
                0x1ffe0054                g_hw_lock_ICU_0U_8U
 .hw_lock.ICU_0U_9U
                0x1ffe0055        0x1 ./synergy/ssp/src/bsp/mcu/s7g2/bsp_hw_locks.o
                0x1ffe0055                g_hw_lock_ICU_0U_9U
 .hw_lock.IIC_0U_0U
                0x1ffe0056        0x1 ./synergy/ssp/src/bsp/mcu/s7g2/bsp_hw_locks.o
                0x1ffe0056                g_hw_lock_IIC_0U_0U
 .hw_lock.IIC_0U_1U
                0x1ffe0057        0x1 ./synergy/ssp/src/bsp/mcu/s7g2/bsp_hw_locks.o
                0x1ffe0057                g_hw_lock_IIC_0U_1U
 .hw_lock.IIC_0U_2U
                0x1ffe0058        0x1 ./synergy/ssp/src/bsp/mcu/s7g2/bsp_hw_locks.o
                0x1ffe0058                g_hw_lock_IIC_0U_2U
 .hw_lock.IRDA_0U_0U
                0x1ffe0059        0x1 ./synergy/ssp/src/bsp/mcu/s7g2/bsp_hw_locks.o
                0x1ffe0059                g_hw_lock_IRDA_0U_0U
 .hw_lock.IWDT_0U_0U
                0x1ffe005a        0x1 ./synergy/ssp/src/bsp/mcu/s7g2/bsp_hw_locks.o
                0x1ffe005a                g_hw_lock_IWDT_0U_0U
 .hw_lock.JPEG_0U_0U
                0x1ffe005b        0x1 ./synergy/ssp/src/bsp/mcu/s7g2/bsp_hw_locks.o
                0x1ffe005b                g_hw_lock_JPEG_0U_0U
 .hw_lock.KEY_0U_0U
                0x1ffe005c        0x1 ./synergy/ssp/src/bsp/mcu/s7g2/bsp_hw_locks.o
                0x1ffe005c                g_hw_lock_KEY_0U_0U
 .hw_lock.LPM_1U_0U
                0x1ffe005d        0x1 ./synergy/ssp/src/bsp/mcu/s7g2/bsp_hw_locks.o
                0x1ffe005d                g_hw_lock_LPM_1U_0U
 .hw_lock.LVD_0U_0U
                0x1ffe005e        0x1 ./synergy/ssp/src/bsp/mcu/s7g2/bsp_hw_locks.o
                0x1ffe005e                g_hw_lock_LVD_0U_0U
 .hw_lock.LVD_0U_1U
                0x1ffe005f        0x1 ./synergy/ssp/src/bsp/mcu/s7g2/bsp_hw_locks.o
                0x1ffe005f                g_hw_lock_LVD_0U_1U
 .hw_lock.MMF_0U_0U
                0x1ffe0060        0x1 ./synergy/ssp/src/bsp/mcu/s7g2/bsp_hw_locks.o
                0x1ffe0060                g_hw_lock_MMF_0U_0U
 .hw_lock.MPU_0U_0U
                0x1ffe0061        0x1 ./synergy/ssp/src/bsp/mcu/s7g2/bsp_hw_locks.o
                0x1ffe0061                g_hw_lock_MPU_0U_0U
 .hw_lock.OPS_0U_0U
                0x1ffe0062        0x1 ./synergy/ssp/src/bsp/mcu/s7g2/bsp_hw_locks.o
                0x1ffe0062                g_hw_lock_OPS_0U_0U
 .hw_lock.PDC_0U_0U
                0x1ffe0063        0x1 ./synergy/ssp/src/bsp/mcu/s7g2/bsp_hw_locks.o
                0x1ffe0063                g_hw_lock_PDC_0U_0U
 .hw_lock.POEG_0U_0U
                0x1ffe0064        0x1 ./synergy/ssp/src/bsp/mcu/s7g2/bsp_hw_locks.o
                0x1ffe0064                g_hw_lock_POEG_0U_0U
 .hw_lock.POEG_0U_1U
                0x1ffe0065        0x1 ./synergy/ssp/src/bsp/mcu/s7g2/bsp_hw_locks.o
                0x1ffe0065                g_hw_lock_POEG_0U_1U
 .hw_lock.POEG_0U_2U
                0x1ffe0066        0x1 ./synergy/ssp/src/bsp/mcu/s7g2/bsp_hw_locks.o
                0x1ffe0066                g_hw_lock_POEG_0U_2U
 .hw_lock.POEG_0U_3U
                0x1ffe0067        0x1 ./synergy/ssp/src/bsp/mcu/s7g2/bsp_hw_locks.o
                0x1ffe0067                g_hw_lock_POEG_0U_3U
 .hw_lock.QSPI_0U_0U
                0x1ffe0068        0x1 ./synergy/ssp/src/bsp/mcu/s7g2/bsp_hw_locks.o
                0x1ffe0068                g_hw_lock_QSPI_0U_0U
 .hw_lock.RTC_0U_0U
                0x1ffe0069        0x1 ./synergy/ssp/src/bsp/mcu/s7g2/bsp_hw_locks.o
                0x1ffe0069                g_hw_lock_RTC_0U_0U
 .hw_lock.SCE_0U_0U
                0x1ffe006a        0x1 ./synergy/ssp/src/bsp/mcu/s7g2/bsp_hw_locks.o
                0x1ffe006a                g_hw_lock_SCE_0U_0U
 .hw_lock.SCI_0U_0U
                0x1ffe006b        0x1 ./synergy/ssp/src/bsp/mcu/s7g2/bsp_hw_locks.o
                0x1ffe006b                g_hw_lock_SCI_0U_0U
 .hw_lock.SCI_0U_1U
                0x1ffe006c        0x1 ./synergy/ssp/src/bsp/mcu/s7g2/bsp_hw_locks.o
                0x1ffe006c                g_hw_lock_SCI_0U_1U
 .hw_lock.SCI_0U_2U
                0x1ffe006d        0x1 ./synergy/ssp/src/bsp/mcu/s7g2/bsp_hw_locks.o
                0x1ffe006d                g_hw_lock_SCI_0U_2U
 .hw_lock.SCI_0U_3U
                0x1ffe006e        0x1 ./synergy/ssp/src/bsp/mcu/s7g2/bsp_hw_locks.o
                0x1ffe006e                g_hw_lock_SCI_0U_3U
 .hw_lock.SCI_0U_4U
                0x1ffe006f        0x1 ./synergy/ssp/src/bsp/mcu/s7g2/bsp_hw_locks.o
                0x1ffe006f                g_hw_lock_SCI_0U_4U
 .hw_lock.SCI_0U_5U
                0x1ffe0070        0x1 ./synergy/ssp/src/bsp/mcu/s7g2/bsp_hw_locks.o
                0x1ffe0070                g_hw_lock_SCI_0U_5U
 .hw_lock.SCI_0U_6U
                0x1ffe0071        0x1 ./synergy/ssp/src/bsp/mcu/s7g2/bsp_hw_locks.o
                0x1ffe0071                g_hw_lock_SCI_0U_6U
 .hw_lock.SCI_0U_7U
                0x1ffe0072        0x1 ./synergy/ssp/src/bsp/mcu/s7g2/bsp_hw_locks.o
                0x1ffe0072                g_hw_lock_SCI_0U_7U
 .hw_lock.SCI_0U_8U
                0x1ffe0073        0x1 ./synergy/ssp/src/bsp/mcu/s7g2/bsp_hw_locks.o
                0x1ffe0073                g_hw_lock_SCI_0U_8U
 .hw_lock.SCI_0U_9U
                0x1ffe0074        0x1 ./synergy/ssp/src/bsp/mcu/s7g2/bsp_hw_locks.o
                0x1ffe0074                g_hw_lock_SCI_0U_9U